// Vitest Snapshot v1, https://vitest.dev/guide/snapshot.html

exports[`ContractorCard Component > matches snapshot 1`] = `
<DocumentFragment>
  <div
    class="margin-bottom-3"
  >
    <li
      class="usa-card margin-bottom-0"
      data-testid="Card"
    >
      <div
        class="usa-card__container radius-md padding-2 margin-bottom-2 margin-x-0"
      >
        <div
          class="usa-card__body padding-0 margin-bottom-1"
          data-testid="CardBody"
        >
          <h3
            class="margin-bottom-1 line-height-sans-2"
          >
            Contractor: Aliza Kim
          </h3>
          <p
            class="margin-top-0 line-height-sans-5"
          >
            Contract title: MIT
          </p>
        </div>
      </div>
    </li>
    <div>
      <button
        class="usa-button usa-button--unstyled margin-right-2"
        data-testid="button"
        type="button"
      >
        Edit
      </button>
      <button
        class="usa-button usa-button--unstyled text-error"
        data-testid="button"
        type="button"
      >
        Remove contractor
      </button>
    </div>
  </div>
</DocumentFragment>
`;

exports[`ContractorCard Component > should matches snapshot 1`] = `
<DocumentFragment>
  <div
    class="margin-bottom-3"
  >
    <li
      class="usa-card margin-bottom-0"
      data-testid="Card"
    >
      <div
        class="usa-card__container radius-md padding-2 margin-bottom-2 margin-x-0"
      >
        <div
          class="usa-card__body padding-0 margin-bottom-1"
          data-testid="CardBody"
        >
          <h3
            class="margin-bottom-1 line-height-sans-2"
          >
            Contractor: Aliza Kim
          </h3>
          <p
            class="margin-top-0 line-height-sans-5"
          >
            Contract title: MIT
          </p>
        </div>
      </div>
    </li>
    <div>
      <button
        class="usa-button usa-button--unstyled margin-right-2"
        data-testid="button"
        type="button"
      >
        Edit
      </button>
      <button
        class="usa-button usa-button--unstyled text-error"
        data-testid="button"
        type="button"
      >
        Remove contractor
      </button>
    </div>
  </div>
</DocumentFragment>
`;
