// Vitest Snapshot v1, https://vitest.dev/guide/snapshot.html

exports[`Basics overview page > renders without errors and matches snapshot 1`] = `
<DocumentFragment>
  <div
    data-testid="model-plan-overview"
  >
    <nav
      aria-label="Breadcrumbs"
      class="usa-breadcrumb usa-breadcrumb--wrap"
    >
      <ol
        class="usa-breadcrumb__list"
      >
        <li
          class="usa-breadcrumb__list-item"
        >
          <a
            class="usa-breadcrumb__link"
            href="/"
          >
            <span>
              Home
            </span>
          </a>
        </li>
        <li
          class="usa-breadcrumb__list-item"
        >
          <a
            class="usa-breadcrumb__link"
            href="/models/f11eb129-2c80-4080-9440-439cbe1a286f/task-list/"
          >
            <span>
              Model Plan task list
            </span>
          </a>
        </li>
        <li
          aria-current="page"
          class="usa-breadcrumb__list-item usa-current"
        >
          Model basics
        </li>
      </ol>
    </nav>
    <h1
      aria-live="polite"
      class="mint-h1 margin-top-4 margin-bottom-1"
      tabindex="-1"
    >
      Model basics
    </h1>
    <p
      class="margin-top-0 margin-bottom-1 font-body-lg"
      data-testid="model-plan-name"
    >
      for My excellent plan that I just initiated
    </p>
    <p
      class="margin-bottom-2 font-body-md line-height-sans-4"
    >
      If there's a question or field that is not applicable to your model or you don't currently know the answer, you may leave it blank. If you need help, ask a question using the link below.
    </p>
    <div
      class="padding-2 bg-primary-lighter"
    >
      <div
        class="display-flex"
        data-testid="ask-a-question"
      >
        <svg
          class="usa-icon text-primary margin-right-1"
          focusable="false"
          height="1em"
          role="img"
          viewBox="0 0 24 24"
          width="1em"
          xmlns="http://www.w3.org/2000/svg"
        >
          <path
            d="M0 0h24v24H0z"
            fill="none"
          />
          <path
            d="M20 2H4c-1.1 0-1.99.9-1.99 2L2 22l4-4h14c1.1 0 2-.9 2-2V4c0-1.1-.9-2-2-2zm-7 9h-2V5h2v6zm0 4h-2v-2h2v2z"
          />
        </svg>
        <button
          class="usa-button usa-button--unstyled"
          data-testid="ask-a-question-button"
          type="button"
        >
          Start a discussion
        </button>
      </div>
    </div>
    <form
      action="#"
      class="tablet:grid-col-6 margin-top-6"
    >
      <fieldset
        class="usa-fieldset"
        data-testid="fieldset"
      >
        <div
          class="usa-form-group margin-top-4"
          data-scroll="modelType"
        >
          <label
            class="usa-label"
            data-testid="label"
            for="modelType"
          >
            Model Type
          </label>
          <fieldset
            class="usa-fieldset"
            data-testid="fieldset"
          >
            <div
              class="usa-radio"
              data-testid="radio"
            >
              <input
                class="usa-radio__input"
                id="ModelType-Voluntary"
                name="modelType"
                type="radio"
                value="VOLUNTARY"
              />
              <label
                class="usa-radio__label"
                for="ModelType-Voluntary"
              >
                Voluntary
              </label>
            </div>
            <div
              class="usa-radio"
              data-testid="radio"
            >
              <input
                class="usa-radio__input"
                id="ModelType-Mandatory"
                name="modelType"
                type="radio"
                value="MANDATORY"
              />
              <label
                class="usa-radio__label"
                for="ModelType-Mandatory"
              >
                Mandatory
              </label>
            </div>
          </fieldset>
        </div>
        <div
          class="usa-form-group margin-top-4"
          data-scroll="problem"
        >
          <label
            class="usa-label"
            for="ModelType-Problem"
            id="label-ModelType-Problem"
          >
            Problem statement
          </label>
          <textarea
            aria-labelledby="label-ModelType-Problem hint-ModelType-Problem"
            class="usa-textarea"
            data-testid="ModelType-Problem"
            id="ModelType-Problem"
            name="problem"
          >
            My problem
          </textarea>
        </div>
        <div
          class="usa-form-group margin-top-4"
          data-scroll="goal"
        >
          <label
            class="usa-label"
            for="ModelType-Goal"
            id="label-ModelType-Goal"
          >
            Goal
          </label>
          <span
            class="usa-hint display-block text-normal"
            id="hint-ModelType-Goal"
          >
            Please include the high level goal of the program and a description of the project.
          </span>
          <textarea
            aria-labelledby="label-ModelType-Goal hint-ModelType-Goal"
            class="usa-textarea"
            id="ModelType-Goal"
            name="goal"
          >
            A goal
          </textarea>
        </div>
        <div
          class="usa-form-group margin-top-4"
          data-scroll="testInterventions"
        >
          <label
            class="usa-label"
            for="ModelType-testInterventions"
            id="label-ModelType-testInterventions"
          >
            Test Interventions
          </label>
          <textarea
            aria-labelledby="label-ModelType-testInterventions hint-ModelType-testInterventions"
            class="usa-textarea"
            id="ModelType-testInterventions"
            name="testInterventions"
          >
            Intervention
          </textarea>
        </div>
        <div
          class="margin-top-4 margin-bottom-8"
        >
          <div
            class="usa-form-group"
          >
            <label
              class="usa-label"
              for="ModelType-note"
              id="label-ModelType-note"
            >
              Notes
            </label>
            <textarea
              aria-labelledby="label-ModelType-note hint-ModelType-note"
              class="usa-textarea"
              data-testid="ModelType-note"
              id="ModelType-note"
              name="note"
            >
              Test note
            </textarea>
          </div>
        </div>
        <div
          class="margin-top-6 margin-bottom-3"
        >
          <button
            class="usa-button usa-button usa-button--outline margin-bottom-1"
            data-testid="button"
            type="button"
          >
            Back
          </button>
          <button
            class="usa-button"
            data-testid="button"
            type="submit"
          >
            Next
          </button>
        </div>
        <button
          class="usa-button usa-button usa-button--unstyled"
          data-testid="button"
          type="button"
        >
          <svg
            aria-hidden="true"
            class="usa-icon margin-right-1"
            focusable="false"
            height="1em"
            role="img"
            viewBox="0 0 24 24"
            width="1em"
            xmlns="http://www.w3.org/2000/svg"
          >
            <path
              d="M0 0h24v24H0z"
              fill="none"
            />
            <path
              d="M20 11H7.83l5.59-5.59L12 4l-8 8 8 8 1.41-1.41L7.83 13H20v-2z"
            />
          </svg>
          Save and return to task list
        </button>
      </fieldset>
    </form>
    <div
      class="mint-page-number margin-bottom-10"
    >
      <span
        class="mint-page-number__page-num"
      >
        Page 2 of 3
      </span>
    </div>
  </div>
</DocumentFragment>
`;

exports[`Model Plan Documents page > matches snapshot 1`] = `
<DocumentFragment>
  <div
    data-testid="model-plan-overview"
  >
    <nav
      aria-label="Breadcrumbs"
      class="usa-breadcrumb usa-breadcrumb--wrap"
    >
      <ol
        class="usa-breadcrumb__list"
      >
        <li
          class="usa-breadcrumb__list-item"
        >
          <a
            class="usa-breadcrumb__link"
            href="/"
          >
            <span>
              Home
            </span>
          </a>
        </li>
        <li
          class="usa-breadcrumb__list-item"
        >
          <a
            class="usa-breadcrumb__link"
            href="/models/f11eb129-2c80-4080-9440-439cbe1a286f/task-list/"
          >
            <span>
              Model Plan task list
            </span>
          </a>
        </li>
        <li
          aria-current="page"
          class="usa-breadcrumb__list-item usa-current"
        >
          Model basics
        </li>
      </ol>
    </nav>
    <h1
      aria-live="polite"
      class="mint-h1 margin-top-4 margin-bottom-1"
      tabindex="-1"
    >
      Model basics
    </h1>
    <p
      class="margin-top-0 margin-bottom-1 font-body-lg"
      data-testid="model-plan-name"
    >
      for 
    </p>
    <p
      class="margin-bottom-2 font-body-md line-height-sans-4"
    >
      If there's a question or field that is not applicable to your model or you don't currently know the answer, you may leave it blank. If you need help, ask a question using the link below.
    </p>
    <div
      class="padding-2 bg-primary-lighter"
    >
      <div
        class="display-flex"
        data-testid="ask-a-question"
      >
        <svg
          class="usa-icon text-primary margin-right-1"
          focusable="false"
          height="1em"
          role="img"
          viewBox="0 0 24 24"
          width="1em"
          xmlns="http://www.w3.org/2000/svg"
        >
          <path
            d="M0 0h24v24H0z"
            fill="none"
          />
          <path
            d="M20 2H4c-1.1 0-1.99.9-1.99 2L2 22l4-4h14c1.1 0 2-.9 2-2V4c0-1.1-.9-2-2-2zm-7 9h-2V5h2v6zm0 4h-2v-2h2v2z"
          />
        </svg>
        <button
          class="usa-button usa-button--unstyled"
          data-testid="ask-a-question-button"
          type="button"
        >
          Start a discussion
        </button>
      </div>
    </div>
    <form
      action="#"
      class="tablet:grid-col-6 margin-top-6"
    >
      <fieldset
        class="usa-fieldset"
        data-testid="fieldset"
        disabled=""
      >
        <div
          class="usa-form-group margin-top-4"
          data-scroll="modelType"
        >
          <label
            class="usa-label"
            data-testid="label"
            for="modelType"
          >
            Model Type
          </label>
          <fieldset
            class="usa-fieldset"
            data-testid="fieldset"
          >
            <div
              class="usa-radio"
              data-testid="radio"
            >
              <input
                class="usa-radio__input"
                id="ModelType-Voluntary"
                name="modelType"
                type="radio"
                value="VOLUNTARY"
              />
              <label
                class="usa-radio__label"
                for="ModelType-Voluntary"
              >
                Voluntary
              </label>
            </div>
            <div
              class="usa-radio"
              data-testid="radio"
            >
              <input
                class="usa-radio__input"
                id="ModelType-Mandatory"
                name="modelType"
                type="radio"
                value="MANDATORY"
              />
              <label
                class="usa-radio__label"
                for="ModelType-Mandatory"
              >
                Mandatory
              </label>
            </div>
          </fieldset>
        </div>
        <div
          class="usa-form-group margin-top-4"
          data-scroll="problem"
        >
          <label
            class="usa-label"
            for="ModelType-Problem"
            id="label-ModelType-Problem"
          >
            Problem statement
          </label>
          <textarea
            aria-labelledby="label-ModelType-Problem hint-ModelType-Problem"
            class="usa-textarea"
            id="ModelType-Problem"
            name="problem"
          />
        </div>
        <div
          class="usa-form-group margin-top-4"
          data-scroll="goal"
        >
          <label
            class="usa-label"
            for="ModelType-Goal"
            id="label-ModelType-Goal"
          >
            Goal
          </label>
          <span
            class="usa-hint display-block text-normal"
            id="hint-ModelType-Goal"
          >
            Please include the high level goal of the program and a description of the project.
          </span>
          <textarea
            aria-labelledby="label-ModelType-Goal hint-ModelType-Goal"
            class="usa-textarea"
            id="ModelType-Goal"
            name="goal"
          />
        </div>
        <div
          class="usa-form-group margin-top-4"
          data-scroll="testInterventions"
        >
          <label
            class="usa-label"
            for="ModelType-testInterventions"
            id="label-ModelType-testInterventions"
          >
            Test Interventions
          </label>
          <textarea
            aria-labelledby="label-ModelType-testInterventions hint-ModelType-testInterventions"
            class="usa-textarea"
            id="ModelType-testInterventions"
            name="testInterventions"
          />
        </div>
        <div
          class="margin-top-4 margin-bottom-8"
        >
          <button
            class="usa-button usa-button usa-button--unstyled"
            data-testid="add-note-toggle"
            type="button"
          >
            <svg
              aria-hidden="true"
              class="usa-icon margin-right-1"
              focusable="false"
              height="1em"
              role="img"
              viewBox="0 0 24 24"
              width="1em"
              xmlns="http://www.w3.org/2000/svg"
            >
              <path
                d="M0 0h24v24H0z"
                fill="none"
              />
              <path
                d="M19 13h-6v6h-2v-6H5v-2h6V5h2v6h6v2z"
              />
            </svg>
            Add an additional note
          </button>
        </div>
        <div
          class="margin-top-6 margin-bottom-3"
        >
          <button
            class="usa-button usa-button usa-button--outline margin-bottom-1"
            data-testid="button"
            type="button"
          >
            Back
          </button>
          <button
            class="usa-button"
            data-testid="button"
            type="submit"
          >
            Next
          </button>
        </div>
        <button
          class="usa-button usa-button usa-button--unstyled"
          data-testid="button"
          type="button"
        >
          <svg
            aria-hidden="true"
            class="usa-icon margin-right-1"
            focusable="false"
            height="1em"
            role="img"
            viewBox="0 0 24 24"
            width="1em"
            xmlns="http://www.w3.org/2000/svg"
          >
            <path
              d="M0 0h24v24H0z"
              fill="none"
            />
            <path
              d="M20 11H7.83l5.59-5.59L12 4l-8 8 8 8 1.41-1.41L7.83 13H20v-2z"
            />
          </svg>
          Save and return to task list
        </button>
      </fieldset>
    </form>
    <div
      class="mint-page-number margin-bottom-10"
    >
      <span
        class="mint-page-number__page-num"
      >
        Page 2 of 3
      </span>
    </div>
  </div>
</DocumentFragment>
`;
