// Vitest Snapshot v1, https://vitest.dev/guide/snapshot.html

exports[`MTO Ready for review > matches the snapshot 1`] = `<DocumentFragment />`;
