// Jest Snapshot v1, https://goo.gl/fbAQLP

exports[`The ITToolsFormComponent component matches snapshot 1`] = `
<DocumentFragment>
  <p
    class="margin-top-4"
  >
    Tools
  </p>
  <div
    class="mint-checkbox usa-checkbox"
  >
    <input
      checked=""
      class="usa-checkbox__input"
      data-testid="it-tools-gc-partc-MARX"
      id="it-tools-gc-partc-MARX"
      name="gcPartCD"
      type="checkbox"
      value="MARX"
    />
    <label
      class="usa-checkbox__label"
      for="it-tools-gc-partc-MARX"
    >
      Medicare Advantage Prescription Drug System (MARx)
    </label>
    <p
      class="margin-y-1 margin-left-4 line-height-body-3 font-body-2xs"
    />
  </div>
  <div
    class="mint-checkbox usa-checkbox"
  >
    <input
      checked=""
      class="usa-checkbox__input"
      data-testid="it-tools-gc-partc-OTHER"
      id="it-tools-gc-partc-OTHER"
      name="gcPartCD"
      type="checkbox"
      value="OTHER"
    />
    <label
      class="usa-checkbox__label"
      for="it-tools-gc-partc-OTHER"
    >
      Other
    </label>
    <p
      class="margin-y-1 margin-left-4 line-height-body-3 font-body-2xs"
    />
  </div>
  <div
    class="margin-left-4 margin-top-1"
  >
    <label
      class="usa-label text-normal"
      data-testid="label"
      for="it-tools-gc-partc-other"
    >
      Please specify
    </label>
    <input
      class="usa-input maxw-none"
      data-testid="it-tools-gc-partc-other"
      id="it-tools-gc-partc-other"
      maxlength="50"
      name="gcPartCDOther"
      type="text"
      value="Test Other"
    />
  </div>
  <div
    class="margin-top-4 margin-bottom-8"
  >
    <button
      class="usa-button usa-button usa-button--unstyled"
      data-testid="add-note-toggle"
      type="button"
    >
      <svg
        aria-hidden="true"
        class="usa-icon margin-right-1"
        focusable="false"
        height="1em"
        role="img"
        viewBox="0 0 24 24"
        width="1em"
        xmlns="http://www.w3.org/2000/svg"
      >
        <path
          d="M0 0h24v24H0z"
          fill="none"
        />
        <path
          d="M19 13h-6v6h-2v-6H5v-2h6V5h2v6h6v2z"
        />
      </svg>
      Add an additional note
    </button>
  </div>
</DocumentFragment>
`;
