// Vitest Snapshot v1, https://vitest.dev/guide/snapshot.html

exports[`OktaUserSelect > selects contact from dropdown 1`] = `
<DocumentFragment>
  <div
    class="margin-top-1 cedar-contact-select maxw-none usa-combo-box css-b62m3t-container"
    id="cedarContactSelect"
  >
    <span
      class="css-1f43avz-a11yText-A11yText"
      id="react-select-cedarContactSelect-live-region"
    />
    <span
      aria-atomic="false"
      aria-live="polite"
      aria-relevant="additions text"
      class="css-1f43avz-a11yText-A11yText"
      role="log"
    >
      <span
        id="aria-selection"
      />
      <span
        id="aria-focused"
      />
      <span
        id="aria-results"
      >
        1 result available for search term Adeline.
      </span>
      <span
        id="aria-guidance"
      >
        Use Up and Down to choose options, press Enter to select the currently focused option, press Escape to exit the menu, press Tab to select the option and exit the menu.
      </span>
    </span>
    <div
      class="cedar-contact-select__control cedar-contact-select__control--is-focused cedar-contact-select__control--menu-is-open css-13u0srz-control"
    >
      <div
        class="cedar-contact-select__value-container css-1fdsijx-ValueContainer"
      >
        <div
          class="cedar-contact-select__input-container css-166bipr-Input"
          data-value="Adeline"
        >
          <input
            aria-activedescendant="react-select-cedarContactSelect-option-0"
            aria-autocomplete="list"
            aria-controls="react-select-cedarContactSelect-listbox"
            aria-describedby="react-select-cedarContactSelect-placeholder"
            aria-expanded="true"
            aria-haspopup="true"
            autocapitalize="none"
            autocomplete="off"
            autocorrect="off"
            class="cedar-contact-select__input"
            data-testid="cedar-contact-select"
            id="react-select-cedarContactSelect-input"
            role="combobox"
            spellcheck="false"
            style="opacity: 1; width: 100%; grid-area: 1 / 2; min-width: 2px; border: 0px; margin: 0px; outline: 0; padding: 0px;"
            tabindex="0"
            type="text"
            value="Adeline"
          />
        </div>
      </div>
      <div
        class="cedar-contact-select__indicators css-1hb7zxy-IndicatorsContainer"
      >
        <span
          class="cedar-contact-select__indicator-separator css-1u9des2-indicatorSeparator"
        />
        <div
          aria-hidden="true"
          class="cedar-contact-select__indicator cedar-contact-select__dropdown-indicator css-ylv2i7-indicatorContainer"
        >
          <svg
            aria-hidden="true"
            class="css-tj5bde-Svg"
            focusable="false"
            height="20"
            viewBox="0 0 20 20"
            width="20"
          >
            <path
              d="M4.516 7.548c0.436-0.446 1.043-0.481 1.576 0l3.908 3.747 3.908-3.747c0.533-0.481 1.141-0.446 1.574 0 0.436 0.445 0.408 1.197 0 1.615-0.406 0.418-4.695 4.502-4.695 4.502-0.217 0.223-0.502 0.335-0.787 0.335s-0.57-0.112-0.789-0.335c0 0-4.287-4.084-4.695-4.502s-0.436-1.17 0-1.615z"
            />
          </svg>
        </div>
      </div>
    </div>
    <div
      class="cedar-contact-select__menu css-1v1oxpf-menu"
    >
      <div
        aria-multiselectable="false"
        class="cedar-contact-select__menu-list css-bgzggo-MenuList"
        id="react-select-cedarContactSelect-listbox"
        role="listbox"
      >
        <div
          aria-disabled="false"
          aria-selected="false"
          class="usa-combo-box__list-option usa-combo-box__list-option--focused cedar-contact-select__option cedar-contact-select__option--is-focused css-10wo9uf-option"
          id="react-select-cedarContactSelect-option-0"
          role="option"
          tabindex="-1"
        >
          Adeline Aarons, ABCD
        </div>
      </div>
    </div>
    <input
      name="cedarContactSelect"
      type="hidden"
      value=""
    />
  </div>
</DocumentFragment>
`;
