// Vitest Snapshot v1, https://vitest.dev/guide/snapshot.html

exports[`Model Plan -- BeneficiaryCostSharing > matches snapshot 1`] = `
<DocumentFragment>
  <main
    class="mint-main-content"
    data-testid="model-payment"
    id="main-content"
    role="main"
    tabindex="-1"
  >
    <div
      class="grid-container"
      data-testid="gridContainer"
    >
      <nav
        aria-label="Breadcrumbs"
        class="usa-breadcrumb usa-breadcrumb--wrap"
      >
        <ol
          class="usa-breadcrumb__list"
        >
          <li
            class="usa-breadcrumb__list-item"
          >
            <a
              class="usa-link usa-breadcrumb__link"
              data-discover="true"
              href="/"
            >
              <span>
                Home
              </span>
            </a>
          </li>
          <li
            class="usa-breadcrumb__list-item"
          >
            <a
              class="usa-link usa-breadcrumb__link"
              data-discover="true"
              href="/models/ce3405a0-3399-4e3a-88d7-3cfc613d2905/collaboration-area"
            >
              <span>
                Model collaboration area
              </span>
            </a>
          </li>
          <li
            class="usa-breadcrumb__list-item"
          >
            <a
              class="usa-link usa-breadcrumb__link"
              data-discover="true"
              href="/models/ce3405a0-3399-4e3a-88d7-3cfc613d2905/collaboration-area/task-list"
            >
              <span>
                Model Plan task list
              </span>
            </a>
          </li>
          <li
            aria-current="page"
            class="usa-breadcrumb__list-item usa-current"
          >
            <span>
              Payment
            </span>
          </li>
        </ol>
      </nav>
      <h1
        aria-live="polite"
        class="mint-h1 margin-top-4 margin-bottom-2"
        tabindex="-1"
      >
        Payment
      </h1>
      <p
        class="margin-top-0 margin-bottom-1 font-body-lg"
        data-testid="model-plan-name"
      >
        for My excellent plan that I just initiated
      </p>
      <p
        class="margin-bottom-2 font-body-md line-height-sans-4"
      >
        If there's a question or field that is not applicable to your model or you don't currently know the answer, you may leave it blank. If you need help, ask a question using the link below.
      </p>
      <div>
        <div
          class="padding-2 bg-primary-lighter display-flex flex-wrap flex-justify flex-align-center"
          style="gap: 1rem;"
        >
          <div
            class="display-flex"
            data-testid="ask-a-question"
          >
            <svg
              aria-label="announcement"
              class="usa-icon text-primary margin-right-1"
              focusable="false"
              height="1em"
              role="img"
              viewBox="0 0 24 24"
              width="1em"
              xmlns="http://www.w3.org/2000/svg"
            >
              <path
                d="M20 2H4c-1.1 0-1.99.9-1.99 2L2 22l4-4h14c1.1 0 2-.9 2-2V4c0-1.1-.9-2-2-2zm-7 9h-2V5h2v6zm0 4h-2v-2h2v2z"
              />
            </svg>
            <button
              class="usa-button usa-button--unstyled"
              data-testid="ask-a-question-button"
              type="button"
            >
              Start a discussion
            </button>
          </div>
        </div>
      </div>
      <div
        class="grid-container padding-left-0 padding-right-0"
        data-testid="gridContainer"
      >
        <div
          class="grid-row grid-gap"
          data-testid="grid"
        >
          <div
            class="desktop:grid-col-6"
            data-testid="grid"
          >
            <form
              class="margin-top-6"
              data-testid="payment-beneficiary-cost-sharing-form"
            >
              <fieldset
                class="usa-fieldset"
                data-testid="fieldset"
              >
                <h3
                  aria-live="polite"
                  class="mint-h1 margin-bottom-3"
                  tabindex="-1"
                >
                  Beneficiary cost-sharing questions
                </h3>
                <div
                  class="usa-form-group"
                >
                  <label
                    class="usa-label maxw-none"
                    data-testid="label"
                    for="beneficiaryCostSharingLevelAndHandling"
                  >
                    What is the intended level of beneficiary cost-sharing and how will it be handled?
                  </label>
                  <textarea
                    aria-labelledby="label-payment-beneficiary-cost-sharing hint-payment-beneficiary-cost-sharing"
                    class="height-15 usa-textarea"
                    data-testid="payment-beneficiary-cost-sharing"
                    id="payment-beneficiary-cost-sharing"
                    name="beneficiaryCostSharingLevelAndHandling"
                  >
                    This is a string
                  </textarea>
                </div>
                <div
                  class="usa-form-group margin-top-4"
                >
                  <label
                    class="usa-label maxw-none"
                    data-testid="label"
                    for="waiveBeneficiaryCostSharingForAnyServices"
                  >
                    Will you waive beneficiary cost-sharing (coinsurance and/or deductible) for any services in the model?
                  </label>
                  <fieldset
                    class="usa-fieldset"
                    data-testid="fieldset"
                  >
                    <div
                      class="usa-radio"
                      data-testid="radio"
                    >
                      <input
                        class="usa-radio__input"
                        data-testid="payment-waive-any-service-true"
                        id="payment-waive-any-service-true"
                        name="waiveBeneficiaryCostSharingForAnyServices"
                        type="radio"
                        value="TRUE"
                      />
                      <label
                        class="usa-radio__label"
                        for="payment-waive-any-service-true"
                      >
                        Yes
                      </label>
                    </div>
                    <div
                      class="usa-form-group margin-left-4 margin-y-1"
                    >
                      <label
                        class="usa-label text-normal"
                        data-testid="label"
                        for="waiveBeneficiaryCostSharingServiceSpecification"
                      >
                        Please specify which services.
                      </label>
                      <textarea
                        aria-labelledby="label-payment-waive-any-service-specification hint-payment-waive-any-service-specification"
                        class="height-15 usa-textarea"
                        data-testid="payment-waive-any-service-specification"
                        id="payment-waive-any-service-specification"
                        name="waiveBeneficiaryCostSharingServiceSpecification"
                      />
                    </div>
                    <div
                      class="usa-radio"
                      data-testid="radio"
                    >
                      <input
                        class="usa-radio__input"
                        data-testid="payment-waive-any-service-false"
                        id="payment-waive-any-service-false"
                        name="waiveBeneficiaryCostSharingForAnyServices"
                        type="radio"
                        value="FALSE"
                      />
                      <label
                        class="usa-radio__label"
                        for="payment-waive-any-service-false"
                      >
                        No
                      </label>
                    </div>
                  </fieldset>
                  <div
                    class="usa-form-group margin-top-4"
                  >
                    <label
                      class="usa-label maxw-none text-normal"
                      data-testid="label"
                      for="waiverOnlyAppliesPartOfPayment"
                    >
                      Would the waiver only apply for part of the payment?
                    </label>
                    <p
                      class="text-base margin-y-1"
                    >
                      For example, we would assess cost-sharing for the service itself, but not for an add-on payment
                    </p>
                    <fieldset
                      class="usa-fieldset"
                      data-testid="fieldset"
                    >
                      <div
                        class="usa-radio"
                        data-testid="radio"
                      >
                        <input
                          class="usa-radio__input"
                          data-testid="payment-waive-part-of-payment-true"
                          id="payment-waive-part-of-payment-true"
                          name="waiverOnlyAppliesPartOfPayment"
                          type="radio"
                          value="TRUE"
                        />
                        <label
                          class="usa-radio__label"
                          for="payment-waive-part-of-payment-true"
                        >
                          Yes
                        </label>
                      </div>
                      <div
                        class="usa-radio"
                        data-testid="radio"
                      >
                        <input
                          class="usa-radio__input"
                          data-testid="payment-waive-part-of-payment-false"
                          id="payment-waive-part-of-payment-false"
                          name="waiverOnlyAppliesPartOfPayment"
                          type="radio"
                          value="FALSE"
                        />
                        <label
                          class="usa-radio__label"
                          for="payment-waive-part-of-payment-false"
                        >
                          No
                        </label>
                      </div>
                    </fieldset>
                  </div>
                  <div
                    class="margin-top-3 margin-bottom-6"
                  >
                    <button
                      class="usa-button usa-button usa-button--unstyled"
                      data-testid="payment-waive-beneficiary-cost-sharing-note-add-note-toggle"
                      type="button"
                    >
                      <svg
                        aria-hidden="true"
                        aria-label="add"
                        class="usa-icon margin-right-1"
                        focusable="false"
                        height="1em"
                        role="img"
                        viewBox="0 0 24 24"
                        width="1em"
                        xmlns="http://www.w3.org/2000/svg"
                      >
                        <path
                          d="M19 13h-6v6h-2v-6H5v-2h6V5h2v6h6v2z"
                        />
                      </svg>
                      Add an additional note
                    </button>
                  </div>
                </div>
                <div
                  class="margin-top-6 margin-bottom-3"
                >
                  <button
                    class="usa-button usa-button usa-button--outline margin-bottom-1"
                    data-testid="button"
                    type="button"
                  >
                    Back
                  </button>
                  <button
                    class="usa-button"
                    data-testid="button"
                    type="submit"
                  >
                    Next
                  </button>
                </div>
                <button
                  class="usa-button usa-button usa-button--unstyled"
                  data-testid="button"
                  type="button"
                >
                  <svg
                    aria-hidden="true"
                    aria-label="back"
                    class="usa-icon margin-right-1"
                    focusable="false"
                    height="1em"
                    role="img"
                    viewBox="0 0 24 24"
                    width="1em"
                    xmlns="http://www.w3.org/2000/svg"
                  >
                    <path
                      d="M20 11H7.83l5.59-5.59L12 4l-8 8 8 8 1.41-1.41L7.83 13H20v-2z"
                    />
                  </svg>
                  Save and return to task list
                </button>
              </fieldset>
            </form>
          </div>
        </div>
      </div>
      <div
        class="mint-page-number margin-y-6"
        data-testid="page-num"
      >
        <span
          class="mint-page-number__page-num"
        >
          Page 3 of 5
        </span>
      </div>
    </div>
  </main>
</DocumentFragment>
`;
