// Jest Snapshot v1, https://goo.gl/fbAQLP

exports[`Model Plan ParticipantsOptions matches snapshot 1`] = `
<DocumentFragment>
  <nav
    aria-label="Breadcrumbs"
    class="usa-breadcrumb usa-breadcrumb--wrap"
  >
    <ol
      class="usa-breadcrumb__list"
    >
      <li
        class="usa-breadcrumb__list-item"
      >
        <a
          class="usa-breadcrumb__link"
          href="/"
        >
          <span>
            Home
          </span>
        </a>
      </li>
      <li
        class="usa-breadcrumb__list-item"
      >
        <a
          class="usa-breadcrumb__link"
          href="/models/ce3405a0-3399-4e3a-88d7-3cfc613d2905/task-list/"
        >
          <span>
            Model Plan task list
          </span>
        </a>
      </li>
      <li
        aria-current="page"
        class="usa-breadcrumb__list-item usa-current"
      >
        Participants and providers
      </li>
    </ol>
  </nav>
  <h1
    aria-live="polite"
    class="mint-h1 margin-top-4 margin-bottom-2"
    tabindex="-1"
  >
    Participants and Providers
  </h1>
  <p
    class="margin-top-0 margin-bottom-1 font-body-lg"
    data-testid="model-plan-name"
  >
    for My excellent plan that I just initiated
  </p>
  <p
    class="margin-bottom-2 font-body-md line-height-sans-4"
  >
    If there's a question or field that is not applicable to your model or you don't currently know the answer, you may leave it blank. If you need help, ask a question using the link below.
  </p>
  <div
    class="padding-2 bg-primary-lighter display-flex"
    data-testid="ask-a-question"
  >
    <svg
      class="usa-icon text-primary margin-right-1"
      focusable="false"
      height="1em"
      role="img"
      viewBox="0 0 24 24"
      width="1em"
      xmlns="http://www.w3.org/2000/svg"
    >
      <path
        d="M0 0h24v24H0z"
        fill="none"
      />
      <path
        d="M20 2H4c-1.1 0-1.99.9-1.99 2L2 22l4-4h14c1.1 0 2-.9 2-2V4c0-1.1-.9-2-2-2zm-7 9h-2V5h2v6zm0 4h-2v-2h2v2z"
      />
    </svg>
    <button
      class="usa-button usa-button--unstyled"
      data-testid="ask-a-question-button"
      type="button"
    >
      Ask a question
    </button>
  </div>
  <form
    action="#"
    class="tablet:grid-col-6 margin-top-6"
    data-testid="participants-and-providers-options-form"
  >
    <div
      class="usa-form-group"
      data-scroll="expectedNumberOfParticipants"
    >
      <label
        class="usa-label"
        data-testid="label"
        for="participants-and-providers-expected-participants"
      >
        How many participants do you expect?
      </label>
      <p
        class="text-base margin-0 line-height-body-3"
      >
        Note: Sometimes RRCEG provides a minimum for the power calculation. Other times stakeholder research may inform the team about who are good candidates or might be interested in participating.
      </p>
      <input
        aria-valuemax="10000"
        aria-valuemin="0"
        aria-valuenow="5000"
        class="usa-range maxw-none"
        data-testid="participants-and-providers-expected-participants"
        id="participants-and-providers-expected-participants"
        max="10000"
        min="0"
        name="expectedNumberOfParticipants"
        step="1"
        type="range"
        value="350"
      />
      <div
        class="display-flex mint-header__basic"
      >
        <span>
          0
        </span>
        <span>
          10,000+
        </span>
      </div>
      <label
        class="usa-label text-normal"
        data-testid="label"
        for="participants-and-providers-participants-other-input"
      >
        Number of participants
      </label>
      <input
        class="usa-input width-card"
        data-testid="textInput"
        id="participants-and-providers-participants-other-input"
        name="expectedNumberOfParticipants"
        type="number"
        value="350"
      />
      <label
        class="usa-label text-normal"
        data-testid="label"
        for="participants-and-providers-current-participants"
      >
        What is your level of confidence on this estimate?
      </label>
      <fieldset
        class="usa-fieldset"
        data-testid="fieldset"
      >
        <div
          class="usa-radio"
          data-testid="radio"
        >
          <input
            class="usa-radio__input"
            id="participants-and-providers-confidence-COMPLETELY"
            name="estimateConfidence"
            type="radio"
            value="COMPLETELY"
          />
          <label
            class="usa-radio__label"
            for="participants-and-providers-confidence-COMPLETELY"
          >
            Completely confident
          </label>
        </div>
        <div
          class="usa-radio"
          data-testid="radio"
        >
          <input
            class="usa-radio__input"
            id="participants-and-providers-confidence-FAIRLY"
            name="estimateConfidence"
            type="radio"
            value="FAIRLY"
          />
          <label
            class="usa-radio__label"
            for="participants-and-providers-confidence-FAIRLY"
          >
            Fairly confident
          </label>
        </div>
        <div
          class="usa-radio"
          data-testid="radio"
        >
          <input
            class="usa-radio__input"
            id="participants-and-providers-confidence-NOT_AT_ALL"
            name="estimateConfidence"
            type="radio"
            value="NOT_AT_ALL"
          />
          <label
            class="usa-radio__label"
            for="participants-and-providers-confidence-NOT_AT_ALL"
          >
            Not at all confident
          </label>
        </div>
        <div
          class="usa-radio"
          data-testid="radio"
        >
          <input
            class="usa-radio__input"
            id="participants-and-providers-confidence-SLIGHTLY"
            name="estimateConfidence"
            type="radio"
            value="SLIGHTLY"
          />
          <label
            class="usa-radio__label"
            for="participants-and-providers-confidence-SLIGHTLY"
          >
            Slightly confident
          </label>
        </div>
      </fieldset>
      <div
        class="margin-top-4 margin-bottom-8"
      >
        <button
          class="usa-button usa-button usa-button--unstyled"
          data-testid="add-note-toggle"
          type="button"
        >
          <svg
            aria-hidden="true"
            class="usa-icon margin-right-1"
            focusable="false"
            height="1em"
            role="img"
            viewBox="0 0 24 24"
            width="1em"
            xmlns="http://www.w3.org/2000/svg"
          >
            <path
              d="M0 0h24v24H0z"
              fill="none"
            />
            <path
              d="M19 13h-6v6h-2v-6H5v-2h6V5h2v6h6v2z"
            />
          </svg>
          Add an additional note
        </button>
      </div>
    </div>
    <div
      class="usa-form-group"
      data-scroll="recruitmentMethod"
    >
      <label
        class="usa-label"
        data-testid="label"
        for="participants-and-providers-recruitment-method"
      >
        How will you recruit the participants?
      </label>
      <fieldset
        class="usa-fieldset"
        data-testid="fieldset"
      >
        <div
          class="usa-radio"
          data-testid="radio"
        >
          <input
            class="usa-radio__input"
            id="participants-and-providers-recruitment-method-LOI"
            name="recruitmentMethod"
            type="radio"
            value="LOI"
          />
          <label
            class="usa-radio__label"
            for="participants-and-providers-recruitment-method-LOI"
          >
            LOI (Letter of interest)
          </label>
        </div>
        <div
          class="usa-radio"
          data-testid="radio"
        >
          <input
            class="usa-radio__input"
            id="participants-and-providers-recruitment-method-NOFO"
            name="recruitmentMethod"
            type="radio"
            value="NOFO"
          />
          <label
            class="usa-radio__label"
            for="participants-and-providers-recruitment-method-NOFO"
          >
            NOFO (Notice of funding opportunity for grants/cooperative agreements
          </label>
        </div>
        <div
          class="usa-radio"
          data-testid="radio"
        >
          <input
            class="usa-radio__input"
            id="participants-and-providers-recruitment-method-RFA"
            name="recruitmentMethod"
            type="radio"
            value="RFA"
          />
          <label
            class="usa-radio__label"
            for="participants-and-providers-recruitment-method-RFA"
          >
            RFA (Request for applications)
          </label>
        </div>
        <p
          class="text-base margin-bottom-neg-05 margin-left-4 margin-top-1 line-height-body-3"
        >
          CMMI writes, Office of General Council (OGC) reviews and approves
        </p>
        <div
          class="usa-radio"
          data-testid="radio"
        >
          <input
            class="usa-radio__input"
            id="participants-and-providers-recruitment-method-OTHER"
            name="recruitmentMethod"
            type="radio"
            value="OTHER"
          />
          <label
            class="usa-radio__label"
            for="participants-and-providers-recruitment-method-OTHER"
          >
            Other
          </label>
        </div>
        <div
          class="usa-radio"
          data-testid="radio"
        >
          <input
            class="usa-radio__input"
            id="participants-and-providers-recruitment-method-NA"
            name="recruitmentMethod"
            type="radio"
            value="NA"
          />
          <label
            class="usa-radio__label"
            for="participants-and-providers-recruitment-method-NA"
          >
            Not applicable
          </label>
        </div>
      </fieldset>
      <div
        class="margin-top-4 margin-bottom-8"
      >
        <button
          class="usa-button usa-button usa-button--unstyled"
          data-testid="add-note-toggle"
          type="button"
        >
          <svg
            aria-hidden="true"
            class="usa-icon margin-right-1"
            focusable="false"
            height="1em"
            role="img"
            viewBox="0 0 24 24"
            width="1em"
            xmlns="http://www.w3.org/2000/svg"
          >
            <path
              d="M0 0h24v24H0z"
              fill="none"
            />
            <path
              d="M19 13h-6v6h-2v-6H5v-2h6V5h2v6h6v2z"
            />
          </svg>
          Add an additional note
        </button>
      </div>
    </div>
    <div
      class="usa-form-group margin-top-4"
      data-scroll="selectionMethod"
    >
      <label
        class="usa-label"
        data-testid="label"
        for="participants-and-providers-selection-method"
      >
        How will you select participants? Select all that appy.
      </label>
      <div
        class="easi-multiselect position-relative"
        id="participants-and-providers-selection-method"
      >
        <div
          class="easi-multiselect__field"
          role="listbox"
        >
          <div
            class="usa-select maxw-none padding-0"
          >
            <input
              class="usa-input padding-1 height-full border-0"
              placeholder="0 selected"
              type="search"
              value=""
            />
            <div
              class="easi-multiselect__controls"
            >
              <div
                class="easi-multiselect__controls-button easi-multiselect__controls-close"
              >
                <svg
                  class="usa-icon usa-icon--size-4"
                  focusable="false"
                  height="1em"
                  role="button"
                  viewBox="0 0 24 24"
                  width="1em"
                  xmlns="http://www.w3.org/2000/svg"
                >
                  <path
                    d="M0 0h24v24H0z"
                    fill="none"
                  />
                  <path
                    d="M16.59 8.59 12 13.17 7.41 8.59 6 10l6 6 6-6z"
                  />
                </svg>
              </div>
            </div>
          </div>
        </div>
      </div>
      <div
        class="margin-top-4 margin-bottom-8"
      >
        <button
          class="usa-button usa-button usa-button--unstyled"
          data-testid="add-note-toggle"
          type="button"
        >
          <svg
            aria-hidden="true"
            class="usa-icon margin-right-1"
            focusable="false"
            height="1em"
            role="img"
            viewBox="0 0 24 24"
            width="1em"
            xmlns="http://www.w3.org/2000/svg"
          >
            <path
              d="M0 0h24v24H0z"
              fill="none"
            />
            <path
              d="M19 13h-6v6h-2v-6H5v-2h6V5h2v6h6v2z"
            />
          </svg>
          Add an additional note
        </button>
      </div>
    </div>
    <div
      class="margin-top-6 margin-bottom-3"
    >
      <button
        class="usa-button usa-button usa-button--outline margin-bottom-1"
        data-testid="button"
        type="button"
      >
        Back
      </button>
      <button
        class="usa-button"
        data-testid="button"
        type="submit"
      >
        Next
      </button>
    </div>
    <button
      class="usa-button usa-button usa-button--unstyled"
      data-testid="button"
      type="button"
    >
      <svg
        aria-hidden="true"
        class="usa-icon margin-right-1"
        focusable="false"
        height="1em"
        role="img"
        viewBox="0 0 24 24"
        width="1em"
        xmlns="http://www.w3.org/2000/svg"
      >
        <path
          d="M0 0h24v24H0z"
          fill="none"
        />
        <path
          d="M20 11H7.83l5.59-5.59L12 4l-8 8 8 8 1.41-1.41L7.83 13H20v-2z"
        />
      </svg>
      Save and return to task list
    </button>
  </form>
  <div
    class="mint-page-number margin-y-6"
  >
    <span
      class="mint-page-number__page-num"
    >
      Page 2 of 5
    </span>
  </div>
</DocumentFragment>
`;
