// Vitest Snapshot v1, https://vitest.dev/guide/snapshot.html

exports[`HelpBreadcrumb > matches the snapshot 1`] = `
<DocumentFragment>
  <button
    class="usa-button usa-button--unstyled margin-top-6"
    data-testid="button"
    type="button"
  >
    <svg
      class="usa-icon margin-right-05 text-tbottom"
      focusable="false"
      height="1em"
      role="img"
      viewBox="0 0 24 24"
      width="1em"
      xmlns="http://www.w3.org/2000/svg"
    >
      <path
        d="M0 0h24v24H0z"
        fill="none"
      />
      <path
        d="M19 6.41 17.59 5 12 10.59 6.41 5 5 6.41 10.59 12 5 17.59 6.41 19 12 13.41 17.59 19 19 17.59 13.41 12z"
      />
    </svg>
    Close tab
  </button>
</DocumentFragment>
`;
