// Jest Snapshot v1, https://goo.gl/fbAQLP

exports[`Model Plan Beneficiaries matches snapshot 1`] = `
<DocumentFragment>
  <nav
    aria-label="Breadcrumbs"
    class="usa-breadcrumb usa-breadcrumb--wrap"
  >
    <ol
      class="usa-breadcrumb__list"
    >
      <li
        class="usa-breadcrumb__list-item"
      >
        <a
          class="usa-breadcrumb__link"
          href="/"
        >
          <span>
            Home
          </span>
        </a>
      </li>
      <li
        class="usa-breadcrumb__list-item"
      >
        <a
          class="usa-breadcrumb__link"
          href="/models/ce3405a0-3399-4e3a-88d7-3cfc613d2905/task-list/"
        >
          <span>
            Model Plan task list
          </span>
        </a>
      </li>
      <li
        aria-current="page"
        class="usa-breadcrumb__list-item usa-current"
      >
        breadcrumb
      </li>
    </ol>
  </nav>
  <h1
    aria-live="polite"
    class="mint-h1 margin-top-4 margin-bottom-2"
    tabindex="-1"
  >
    Beneficiaries
  </h1>
  <p
    class="margin-top-0 margin-bottom-1 font-body-lg"
    data-testid="model-plan-name"
  >
    for 
  </p>
  <p
    class="margin-bottom-2 font-body-md line-height-sans-4"
  >
    If there's a question or field that is not applicable to your model or you don't currently know the answer, you may leave it blank. If you need help, ask a question using the link below.
  </p>
  <div
    class="padding-2 bg-primary-lighter display-flex"
    data-testid="ask-a-question"
  >
    <svg
      class="usa-icon text-primary margin-right-1"
      focusable="false"
      height="1em"
      role="img"
      viewBox="0 0 24 24"
      width="1em"
      xmlns="http://www.w3.org/2000/svg"
    >
      <path
        d="M0 0h24v24H0z"
        fill="none"
      />
      <path
        d="M20 2H4c-1.1 0-1.99.9-1.99 2L2 22l4-4h14c1.1 0 2-.9 2-2V4c0-1.1-.9-2-2-2zm-7 9h-2V5h2v6zm0 4h-2v-2h2v2z"
      />
    </svg>
    <button
      class="usa-button usa-button--unstyled"
      data-testid="ask-a-question-button"
      type="button"
    >
      Ask a question
    </button>
  </div>
  <div
    class="grid-container padding-left-0 padding-right-0"
    data-testid="gridContainer"
  >
    <div
      class="grid-row grid-gap beneficiaries__info"
      data-testid="grid"
    >
      <div
        class="desktop:grid-col-6"
        data-testid="grid"
      >
        <form
          action="#"
          class="margin-top-6"
          data-testid="beneficiaries-page-one-form"
        >
          <div
            class="usa-form-group margin-top-4"
            data-scroll="beneficiaries"
          >
            <label
              class="usa-label"
              data-testid="label"
              for="beneficiaries-beneficiaries"
            >
              Who are the beneficiaries of this model? Select all that apply.
            </label>
            <div
              class="easi-multiselect maxw-mobile-lg position-relative"
              id="beneficiaries-beneficiaries"
            >
              <div
                class="easi-multiselect__field"
                role="listbox"
              >
                <div
                  class="usa-select maxw-none padding-0"
                >
                  <input
                    class="usa-input padding-1 height-full border-0"
                    placeholder="0 selected"
                    type="search"
                    value=""
                  />
                  <div
                    class="easi-multiselect__controls"
                  >
                    <div
                      class="easi-multiselect__controls-button easi-multiselect__controls-close"
                    >
                      <svg
                        class="usa-icon usa-icon--size-4"
                        focusable="false"
                        height="1em"
                        role="button"
                        viewBox="0 0 24 24"
                        width="1em"
                        xmlns="http://www.w3.org/2000/svg"
                      >
                        <path
                          d="M0 0h24v24H0z"
                          fill="none"
                        />
                        <path
                          d="M16.59 8.59 12 13.17 7.41 8.59 6 10l6 6 6-6z"
                        />
                      </svg>
                    </div>
                  </div>
                </div>
              </div>
            </div>
            <div
              class="margin-top-4 margin-bottom-8"
            >
              <button
                class="usa-button usa-button usa-button--unstyled"
                data-testid="add-note-toggle"
                type="button"
              >
                <svg
                  aria-hidden="true"
                  class="usa-icon margin-right-1"
                  focusable="false"
                  height="1em"
                  role="img"
                  viewBox="0 0 24 24"
                  width="1em"
                  xmlns="http://www.w3.org/2000/svg"
                >
                  <path
                    d="M0 0h24v24H0z"
                    fill="none"
                  />
                  <path
                    d="M19 13h-6v6h-2v-6H5v-2h6V5h2v6h6v2z"
                  />
                </svg>
                Add an additional note
              </button>
            </div>
          </div>
          <div
            class="usa-form-group margin-y-4 margin-bottom-8"
            data-scroll="treatDualElligibleDifferent"
          >
            <label
              class="usa-label"
              data-testid="label"
              for="beneficiaries-dual-eligibility"
            >
              Should dual-eligible beneficiaries be treated differently than non-dually eligibles?
            </label>
            <fieldset
              class="usa-fieldset"
              data-testid="fieldset"
            >
              <div
                class="usa-radio"
                data-testid="radio"
              >
                <input
                  class="usa-radio__input"
                  id="beneficiaries-dual-eligibility"
                  name="treatDualElligibleDifferent"
                  type="radio"
                  value="TRUE"
                />
                <label
                  class="usa-radio__label"
                  for="beneficiaries-dual-eligibility"
                >
                  Yes
                </label>
              </div>
              <div
                class="usa-radio"
                data-testid="radio"
              >
                <input
                  class="usa-radio__input"
                  id="beneficiaries-dual-eligibility-no"
                  name="treatDualElligibleDifferent"
                  type="radio"
                  value="FALSE"
                />
                <label
                  class="usa-radio__label"
                  for="beneficiaries-dual-eligibility-no"
                >
                  No
                </label>
              </div>
              <div
                class="usa-radio"
                data-testid="radio"
              >
                <input
                  class="usa-radio__input"
                  id="beneficiaries-dual-eligibility-tbd"
                  name="treatDualElligibleDifferent"
                  type="radio"
                  value="TBD"
                />
                <label
                  class="usa-radio__label"
                  for="beneficiaries-dual-eligibility-tbd"
                >
                  Not applicable
                </label>
              </div>
            </fieldset>
            <div
              class="margin-top-4 margin-bottom-8"
            >
              <button
                class="usa-button usa-button usa-button--unstyled"
                data-testid="add-note-toggle"
                type="button"
              >
                <svg
                  aria-hidden="true"
                  class="usa-icon margin-right-1"
                  focusable="false"
                  height="1em"
                  role="img"
                  viewBox="0 0 24 24"
                  width="1em"
                  xmlns="http://www.w3.org/2000/svg"
                >
                  <path
                    d="M0 0h24v24H0z"
                    fill="none"
                  />
                  <path
                    d="M19 13h-6v6h-2v-6H5v-2h6V5h2v6h6v2z"
                  />
                </svg>
                Add an additional note
              </button>
            </div>
          </div>
          <div
            class="usa-form-group margin-y-4 margin-bottom-8"
            data-scroll="excludeCertainCharacteristics"
          >
            <label
              class="usa-label"
              data-testid="label"
              for="beneficiaries-exclude"
            >
              Should beneficiaries with certain characteristics or enrollments be excluded?
            </label>
            <fieldset
              class="usa-fieldset"
              data-testid="fieldset"
            >
              <div
                class="usa-radio"
                data-testid="radio"
              >
                <input
                  class="usa-radio__input"
                  id="beneficiaries-exclude"
                  name="excludeCertainCharacteristics"
                  type="radio"
                  value="TRUE"
                />
                <label
                  class="usa-radio__label"
                  for="beneficiaries-exclude"
                >
                  Yes
                </label>
              </div>
              <div
                class="usa-radio"
                data-testid="radio"
              >
                <input
                  class="usa-radio__input"
                  id="beneficiaries-exclude-no"
                  name="excludeCertainCharacteristics"
                  type="radio"
                  value="FALSE"
                />
                <label
                  class="usa-radio__label"
                  for="beneficiaries-exclude-no"
                >
                  No
                </label>
              </div>
              <div
                class="usa-radio"
                data-testid="radio"
              >
                <input
                  class="usa-radio__input"
                  id="beneficiaries-exclude-tbd"
                  name="excludeCertainCharacteristics"
                  type="radio"
                  value="TBD"
                />
                <label
                  class="usa-radio__label"
                  for="beneficiaries-exclude-tbd"
                >
                  Not applicable
                </label>
              </div>
            </fieldset>
            <div
              class="margin-top-4 margin-bottom-8"
            >
              <button
                class="usa-button usa-button usa-button--unstyled"
                data-testid="add-note-toggle"
                type="button"
              >
                <svg
                  aria-hidden="true"
                  class="usa-icon margin-right-1"
                  focusable="false"
                  height="1em"
                  role="img"
                  viewBox="0 0 24 24"
                  width="1em"
                  xmlns="http://www.w3.org/2000/svg"
                >
                  <path
                    d="M0 0h24v24H0z"
                    fill="none"
                  />
                  <path
                    d="M19 13h-6v6h-2v-6H5v-2h6V5h2v6h6v2z"
                  />
                </svg>
                Add an additional note
              </button>
            </div>
          </div>
          <div
            class="margin-top-6 margin-bottom-3"
          >
            <button
              class="usa-button"
              data-testid="button"
              type="submit"
            >
              Next
            </button>
          </div>
          <button
            class="usa-button usa-button usa-button--unstyled"
            data-testid="button"
            type="button"
          >
            <svg
              aria-hidden="true"
              class="usa-icon margin-right-1"
              focusable="false"
              height="1em"
              role="img"
              viewBox="0 0 24 24"
              width="1em"
              xmlns="http://www.w3.org/2000/svg"
            >
              <path
                d="M0 0h24v24H0z"
                fill="none"
              />
              <path
                d="M20 11H7.83l5.59-5.59L12 4l-8 8 8 8 1.41-1.41L7.83 13H20v-2z"
              />
            </svg>
            Save and return to task list
          </button>
        </form>
      </div>
    </div>
  </div>
  <div
    class="mint-page-number margin-y-6"
  >
    <span
      class="mint-page-number__page-num"
    >
      Page 1 of 3
    </span>
  </div>
</DocumentFragment>
`;
