// Vitest Snapshot v1, https://vitest.dev/guide/snapshot.html

exports[`RelatedArticle > matches the snapshot 1`] = `
<DocumentFragment>
  <li
    class="usa-card desktop:grid-col-4 article"
    data-testid="article-card"
  >
    <div
      class="usa-card__container radius-md shadow-2 minh-mobile padding-3"
    >
      <div
        class="usa-card__header padding-0"
        data-testid="CardHeader"
      >
        <h3
          class="line-height-body-4 margin-bottom-1"
        >
          Evaluate your data exchange approach
        </h3>
      </div>
      <a
        class="usa-link width-fit-content display-block "
        data-discover="true"
        href="/help-and-knowledge/articles?category=getting-started"
      >
        <span
          aria-label="Articles under the Getting started category"
          class="mint-tag article__tag bg-primary-lighter text-primary text-no-uppercase text-bold font-body-sm"
          data-testid="tag"
        >
          Getting started
        </span>
      </a>
      <div
        class="usa-card__body padding-x-0 article__body padding-top-2"
        data-testid="CardBody"
      >
        <p>
          Exchanging data is an essential component of model operations and can take many forms depending on policy goals, implementation needs, and participants in the model. Examples of data that are typically exchanged include CMS sharing data with participants (for example, claims data) or participants sharing quality data (for example, a new measure or patient-reported outcome). We often collect health-related social needs data, such as socio-demographic data. Some models may have more complex needs or could be avenues to explore broader HHS policy initiatives around data exchange.
        </p>
      </div>
      <div
        class="usa-card__footer padding-x-0 padding-top-2 padding-bottom-0"
        data-testid="CardFooter"
      >
        <button
          aria-label="Read Evaluate your data exchange approach article"
          class="usa-button usa-button--outline"
          type="button"
        >
          Read
        </button>
      </div>
    </div>
  </li>
</DocumentFragment>
`;
