// Vitest Snapshot v1, https://vitest.dev/guide/snapshot.html

exports[`ModelsBySolution Table and Card > renders solution models banner and cards and matches snapshot 1`] = `
<DocumentFragment>
  <div
    id="models-by-solution-table"
  >
    <div
      class="models-by-solutions"
    >
      <div
        class="bg-primary-lighter radius-md padding-2"
      >
        <div
          class="grid-row flex-align-center"
          data-testid="grid"
        >
          <div
            class="tablet:grid-col-6 desktop:grid-col-7"
            data-testid="grid"
          >
            <h3
              class="margin-y-1"
            >
              4innovation (4i)
            </h3>
          </div>
          <div
            class="tablet:grid-col-6 desktop:grid-col-5 models-by-solutions__banner-buttons row-reverse"
            data-testid="grid"
          >
            <ul
              class="usa-button-group usa-button-group--segmented"
            >
              <li
                class="usa-button-group__item"
              >
                <button
                  class="usa-button bg-primary-darker"
                  data-testid="button"
                  type="button"
                >
                  <div
                    class="margin-bottom-1"
                  >
                    Total
                  </div>
                  <div
                    data-testid="total-count"
                  >
                    7
                  </div>
                </button>
              </li>
              <li
                class="usa-button-group__item"
              >
                <button
                  class="usa-button"
                  data-testid="button"
                  type="button"
                >
                  <div
                    class="margin-bottom-1"
                  >
                    Planned
                  </div>
                  <div
                    data-testid="planned-count"
                  >
                    4
                  </div>
                </button>
              </li>
              <li
                class="usa-button-group__item"
              >
                <button
                  class="usa-button"
                  data-testid="button"
                  type="button"
                >
                  <div
                    class="margin-bottom-1"
                  >
                    Active
                  </div>
                  <div
                    data-testid="active-count"
                  >
                    0
                  </div>
                </button>
              </li>
              <li
                class="usa-button-group__item"
              >
                <button
                  class="usa-button"
                  data-testid="button"
                  type="button"
                >
                  <div
                    class="margin-bottom-1"
                  >
                    Ended
                  </div>
                  <div
                    data-testid="ended-count"
                  >
                    1
                  </div>
                </button>
              </li>
            </ul>
          </div>
        </div>
      </div>
    </div>
    <div
      class="margin-top-3"
    >
      <form
        class="usa-form usa-search margin-bottom-3 maxw-none width-mobile-lg"
        data-testid="table-client-filter"
        role="search"
      >
        <label
          class="usa-sr-only"
          data-testid="label"
          for="models-by-solution-table-search"
        >
          Search Table
        </label>
        <input
          class="usa-input"
          data-testid="textInput"
          id="models-by-solution-table-search"
          name="Models using specific operational solutions Search"
          role="searchbox"
          type="search"
          value=""
        />
        <button
          class="usa-button grid-row flex-justify-center flex-align-center no-pointer"
          data-testid="button"
          type="submit"
        >
          <svg
            class="usa-icon usa-icon--size-3"
            focusable="false"
            height="1em"
            role="img"
            viewBox="0 0 24 24"
            width="1em"
            xmlns="http://www.w3.org/2000/svg"
          >
            <path
              d="M15.5 14h-.79l-.28-.27A6.471 6.471 0 0 0 16 9.5 6.5 6.5 0 1 0 9.5 16c1.61 0 3.09-.59 4.23-1.57l.27.28v.79l5 4.99L20.49 19l-4.99-5zm-6 0C7.01 14 5 11.99 5 9.5S7.01 5 9.5 5 14 7.01 14 9.5 11.99 14 9.5 14z"
            />
          </svg>
        </button>
      </form>
      <div
        class=""
        data-testid="page-results"
      >
        <span>
          <div
            aria-live="polite"
            role="status"
          >
            Showing 1-3 of 7 results 
          </div>
        </span>
      </div>
    </div>
    <div
      class="grid-row grid-gap-2 margin-bottom-2 margin-top-4"
      data-testid="grid"
    >
      <div
        class="tablet:grid-col-6 desktop:grid-col-4"
        data-testid="grid"
      >
        <li
          class="usa-card model-solution-card"
          data-testid="Empty Plan"
        >
          <div
            class="usa-card__container"
          >
            <div>
              <div
                class="grid-row"
                data-testid="grid"
              >
                <div
                  class="desktop:grid-col-12"
                  data-testid="grid"
                >
                  <h3
                    class="model-solution-card__title margin-top-0"
                  >
                    <a
                      class="usa-link"
                      href="/models/c9cf987d-8543-46bb-a668-2c560ce5b149/read-view"
                    >
                      Empty Plan
                    </a>
                  </h3>
                </div>
                <div
                  class="desktop:grid-col-12"
                  data-testid="grid"
                >
                  <div
                    class="display-flex"
                  >
                    <p
                      class="text-bold margin-top-0 margin-right-1"
                    >
                      Status
                    </p>
                    <div
                      class="padding-0"
                      data-testid="task-list-status"
                    >
                      <div
                        class="display-flex flex-align-center"
                      >
                        <span
                          class="mint-tag bg-base text-white margin-right-1"
                          data-testid="tag"
                        >
                          Draft Model Plan
                        </span>
                        <div
                          class="display-flex flex-align-center flex-wrap margin-right-1"
                        />
                        <div
                          class="mint-no-print task-list-status__border border-base-light margin-right-2"
                        >
                          <a
                            class="usa-link display-flex flex-align-center margin-right-2"
                            href="/models/c9cf987d-8543-46bb-a668-2c560ce5b149/collaboration-area/status"
                          />
                        </div>
                      </div>
                    </div>
                  </div>
                </div>
                <div
                  class="desktop:grid-col-12"
                  data-testid="grid"
                >
                  <p
                    class="text-bold margin-y-0 margin-right-1"
                  >
                    Category
                  </p>
                  State & Community-Based
                </div>
                <div
                  class="desktop:grid-col-12"
                  data-testid="grid"
                >
                  <div
                    class="grid-row grid-gap"
                    data-testid="grid"
                  >
                    <div
                      class="mobile:grid-col-6 desktop:grid-col-6"
                      data-testid="grid"
                    >
                      <p
                        class="text-bold margin-bottom-0 margin-right-1"
                      >
                        Start date
                      </p>
                      <p
                        class="margin-top-0 margin-bottom-0"
                      >
                        07/24/2024
                      </p>
                    </div>
                    <div
                      class="mobile:grid-col-6 desktop:grid-col-6"
                      data-testid="grid"
                    >
                      <p
                        class="text-bold margin-bottom-0 margin-right-1"
                      >
                        End date
                      </p>
                      <p
                        class="margin-top-0 margin-bottom-0"
                      >
                        07/31/2024
                      </p>
                    </div>
                  </div>
                </div>
              </div>
            </div>
          </div>
        </li>
      </div>
      <div
        class="tablet:grid-col-6 desktop:grid-col-4"
        data-testid="grid"
      >
        <li
          class="usa-card model-solution-card"
          data-testid="Enhancing Oncology Model"
        >
          <div
            class="usa-card__container"
          >
            <div>
              <div
                class="grid-row"
                data-testid="grid"
              >
                <div
                  class="desktop:grid-col-12"
                  data-testid="grid"
                >
                  <h3
                    class="model-solution-card__title margin-top-0"
                  >
                    <a
                      class="usa-link"
                      href="/models/598db9f0-54c0-4346-bb6b-da46a36eff1a/read-view"
                    >
                      Enhancing Oncology Model
                    </a>
                  </h3>
                </div>
                <div
                  class="desktop:grid-col-12"
                  data-testid="grid"
                >
                  <div
                    class="display-flex"
                  >
                    <p
                      class="text-bold margin-top-0 margin-right-1"
                    >
                      Status
                    </p>
                    <div
                      class="padding-0"
                      data-testid="task-list-status"
                    >
                      <div
                        class="display-flex flex-align-center"
                      >
                        <span
                          class="mint-tag bg-base text-white margin-right-1"
                          data-testid="tag"
                        >
                          Draft Model Plan
                        </span>
                        <div
                          class="display-flex flex-align-center flex-wrap margin-right-1"
                        />
                        <div
                          class="mint-no-print task-list-status__border border-base-light margin-right-2"
                        >
                          <a
                            class="usa-link display-flex flex-align-center margin-right-2"
                            href="/models/598db9f0-54c0-4346-bb6b-da46a36eff1a/collaboration-area/status"
                          />
                        </div>
                      </div>
                    </div>
                  </div>
                </div>
                <div
                  class="desktop:grid-col-12"
                  data-testid="grid"
                >
                  <p
                    class="text-bold margin-y-0 margin-right-1"
                  >
                    Category
                  </p>
                  <i
                    class="text-base"
                  >
                    To be determined
                  </i>
                </div>
                <div
                  class="desktop:grid-col-12"
                  data-testid="grid"
                >
                  <div
                    class="grid-row grid-gap"
                    data-testid="grid"
                  >
                    <div
                      class="mobile:grid-col-6 desktop:grid-col-6"
                      data-testid="grid"
                    >
                      <p
                        class="text-bold margin-bottom-0 margin-right-1"
                      >
                        Start date
                      </p>
                      <p
                        class="margin-top-0 margin-bottom-0"
                      >
                        <i
                          class="text-base"
                        >
                          To be determined
                        </i>
                      </p>
                    </div>
                    <div
                      class="mobile:grid-col-6 desktop:grid-col-6"
                      data-testid="grid"
                    >
                      <p
                        class="text-bold margin-bottom-0 margin-right-1"
                      >
                        End date
                      </p>
                      <p
                        class="margin-top-0 margin-bottom-0"
                      >
                        <i
                          class="text-base"
                        >
                          To be determined
                        </i>
                      </p>
                    </div>
                  </div>
                </div>
              </div>
            </div>
          </div>
        </li>
      </div>
      <div
        class="tablet:grid-col-6 desktop:grid-col-4"
        data-testid="grid"
      >
        <li
          class="usa-card model-solution-card"
          data-testid="Plan with Basics"
        >
          <div
            class="usa-card__container"
          >
            <div>
              <div
                class="grid-row"
                data-testid="grid"
              >
                <div
                  class="desktop:grid-col-12"
                  data-testid="grid"
                >
                  <h3
                    class="model-solution-card__title margin-top-0"
                  >
                    <a
                      class="usa-link"
                      href="/models/4fc87324-dbb0-4867-8e4d-5a20a76c8ae2/read-view"
                    >
                      Plan with Basics
                    </a>
                  </h3>
                </div>
                <div
                  class="desktop:grid-col-12"
                  data-testid="grid"
                >
                  <div
                    class="display-flex"
                  >
                    <p
                      class="text-bold margin-top-0 margin-right-1"
                    >
                      Status
                    </p>
                    <div
                      class="padding-0"
                      data-testid="task-list-status"
                    >
                      <div
                        class="display-flex flex-align-center"
                      >
                        <span
                          class="mint-tag bg-base text-white margin-right-1"
                          data-testid="tag"
                        >
                          Ended
                        </span>
                        <div
                          class="display-flex flex-align-center flex-wrap margin-right-1"
                        />
                        <div
                          class="mint-no-print task-list-status__border border-base-light margin-right-2"
                        >
                          <a
                            class="usa-link display-flex flex-align-center margin-right-2"
                            href="/models/4fc87324-dbb0-4867-8e4d-5a20a76c8ae2/collaboration-area/status"
                          />
                        </div>
                      </div>
                    </div>
                  </div>
                </div>
                <div
                  class="desktop:grid-col-12"
                  data-testid="grid"
                >
                  <p
                    class="text-bold margin-y-0 margin-right-1"
                  >
                    Category
                  </p>
                  <i
                    class="text-base"
                  >
                    To be determined
                  </i>
                </div>
                <div
                  class="desktop:grid-col-12"
                  data-testid="grid"
                >
                  <div
                    class="grid-row grid-gap"
                    data-testid="grid"
                  >
                    <div
                      class="mobile:grid-col-6 desktop:grid-col-6"
                      data-testid="grid"
                    >
                      <p
                        class="text-bold margin-bottom-0 margin-right-1"
                      >
                        Start date
                      </p>
                      <p
                        class="margin-top-0 margin-bottom-0"
                      >
                        <i
                          class="text-base"
                        >
                          To be determined
                        </i>
                      </p>
                    </div>
                    <div
                      class="mobile:grid-col-6 desktop:grid-col-6"
                      data-testid="grid"
                    >
                      <p
                        class="text-bold margin-bottom-0 margin-right-1"
                      >
                        End date
                      </p>
                      <p
                        class="margin-top-0 margin-bottom-0"
                      >
                        <i
                          class="text-base"
                        >
                          To be determined
                        </i>
                      </p>
                    </div>
                  </div>
                </div>
              </div>
            </div>
          </div>
        </li>
      </div>
    </div>
    <ul
      aria-label="Pagination"
      class="mint-pagination usa-pagination usa-pagination__list"
      role="navigation"
    >
      <li
        class="previous pagination__link--disabled"
      >
        <a
          aria-disabled="true"
          aria-label="Previous page"
          class="display-none "
          rel="prev"
          role="button"
          tabindex="-1"
        >
          &lt; Previous
        </a>
      </li>
      <li
        class="usa-pagination__item usa-current"
      >
        <a
          aria-current="page"
          aria-label="Page 1 is your current page"
          class="usa-pagination__button usa-current"
          rel="canonical"
          role="button"
          tabindex="-1"
        >
          1
        </a>
      </li>
      <li
        class="usa-pagination__item"
      >
        <a
          aria-label="Page 2"
          class="usa-pagination__button"
          rel="next"
          role="button"
          tabindex="0"
        >
          2
        </a>
      </li>
      <li
        class="usa-pagination__item"
      >
        <a
          aria-label="Page 3"
          class="usa-pagination__button"
          role="button"
          tabindex="0"
        >
          3
        </a>
      </li>
      <li
        class="next"
      >
        <a
          aria-disabled="false"
          aria-label="Next page"
          class="usa-pagination__link usa-pagination__previous-page next-page"
          rel="next"
          role="button"
          tabindex="0"
        >
          Next &gt;
        </a>
      </li>
    </ul>
  </div>
</DocumentFragment>
`;
