// Vitest Snapshot v1, https://vitest.dev/guide/snapshot.html

exports[`Model Plan Ops Eval and Learning > matches snapshot 1`] = `
<DocumentFragment>
  <nav
    aria-label="Breadcrumbs"
    class="usa-breadcrumb usa-breadcrumb--wrap"
  >
    <ol
      class="usa-breadcrumb__list"
    >
      <li
        class="usa-breadcrumb__list-item"
      >
        <a
          class="usa-link usa-breadcrumb__link"
          href="/"
        >
          <span>
            Home
          </span>
        </a>
      </li>
      <li
        class="usa-breadcrumb__list-item"
      >
        <a
          class="usa-link usa-breadcrumb__link"
          href="/models/ce3405a0-3399-4e3a-88d7-3cfc613d2905/collaboration-area"
        >
          <span>
            Model collaboration area
          </span>
        </a>
      </li>
      <li
        class="usa-breadcrumb__list-item"
      >
        <a
          class="usa-link usa-breadcrumb__link"
          href="/models/ce3405a0-3399-4e3a-88d7-3cfc613d2905/collaboration-area/task-list"
        >
          <span>
            Model Plan task list
          </span>
        </a>
      </li>
      <li
        aria-current="page"
        class="usa-breadcrumb__list-item usa-current"
      >
        <span>
          Operations, evaluation, and learning
        </span>
      </li>
    </ol>
  </nav>
  <h1
    aria-live="polite"
    class="mint-h1 margin-top-4 margin-bottom-2"
    tabindex="-1"
  >
    Operations, evaluation, and learning
  </h1>
  <p
    class="margin-top-0 margin-bottom-1 font-body-lg"
    data-testid="model-plan-name"
  >
    for My excellent plan that I just initiated
  </p>
  <p
    class="margin-bottom-2 font-body-md line-height-sans-4"
  >
    If there's a question or field that is not applicable to your model or you don't currently know the answer, you may leave it blank. If you need help, ask a question using the link below.
  </p>
  <div
    class="padding-2 bg-primary-lighter"
  >
    <div
      class="display-flex"
      data-testid="ask-a-question"
    >
      <svg
        class="usa-icon text-primary margin-right-1"
        focusable="false"
        height="1em"
        role="img"
        viewBox="0 0 24 24"
        width="1em"
        xmlns="http://www.w3.org/2000/svg"
      >
        <path
          d="M20 2H4c-1.1 0-1.99.9-1.99 2L2 22l4-4h14c1.1 0 2-.9 2-2V4c0-1.1-.9-2-2-2zm-7 9h-2V5h2v6zm0 4h-2v-2h2v2z"
        />
      </svg>
      <button
        class="usa-button usa-button--unstyled"
        data-testid="ask-a-question-button"
        type="button"
      >
        Start a discussion
      </button>
    </div>
  </div>
  <form
    action="#"
    class="desktop:grid-col-6 margin-top-6"
    data-testid="ops-eval-and-learning-form"
  >
    <fieldset
      class="usa-fieldset"
      data-testid="fieldset"
    >
      <div
        class="usa-form-group margin-top-4"
        data-scroll="ops-eval-and-learning-stakeholders"
      >
        <label
          class="usa-label"
          data-testid="label"
          for="ops-eval-and-learning-stakeholders"
          id="label-ops-eval-and-learning-stakeholders"
        >
          What stakeholders do you plan to communicate with?
        </label>
        <div>
          <div
            class="easi-multiselect usa-combo-box margin-top-1 css-b62m3t-container"
            id="ops-eval-and-learning-stakeholders"
          >
            <span
              class="css-1f43avz-a11yText-A11yText"
              id="react-select-3-live-region"
            />
            <span
              aria-atomic="false"
              aria-live="polite"
              aria-relevant="additions text"
              class="css-1f43avz-a11yText-A11yText"
              role="log"
            />
            <div
              class=" css-1vl89cy-control"
            >
              <div
                class=" css-1fdsijx-ValueContainer"
              >
                <div
                  class=" css-1jqq78o-placeholder"
                  id="react-select-3-placeholder"
                >
                  0 selected
                </div>
                <div
                  class=" css-qbdosj-Input"
                  data-value=""
                >
                  <input
                    aria-activedescendant=""
                    aria-autocomplete="list"
                    aria-describedby="react-select-3-placeholder"
                    aria-expanded="false"
                    aria-haspopup="true"
                    aria-labelledby="label-ops-eval-and-learning-stakeholders"
                    autocapitalize="none"
                    autocomplete="off"
                    autocorrect="off"
                    class=""
                    id="react-select-3-input"
                    role="combobox"
                    spellcheck="false"
                    style="opacity: 1; width: 100%; grid-area: 1 / 2; min-width: 2px; border: 0px; margin: 0px; outline: 0; padding: 0px;"
                    tabindex="0"
                    type="text"
                    value=""
                  />
                </div>
              </div>
              <div
                class=" css-1hb7zxy-IndicatorsContainer"
              >
                <span
                  class=" css-16b81-indicatorSeparator"
                />
                <div
                  aria-hidden="true"
                  class=" css-gjng1h-indicatorContainer"
                >
                  <svg
                    aria-hidden="true"
                    class="css-tj5bde-Svg"
                    focusable="false"
                    height="20"
                    viewBox="0 0 20 20"
                    width="20"
                  >
                    <path
                      d="M4.516 7.548c0.436-0.446 1.043-0.481 1.576 0l3.908 3.747 3.908-3.747c0.533-0.481 1.141-0.446 1.574 0 0.436 0.445 0.408 1.197 0 1.615-0.406 0.418-4.695 4.502-4.695 4.502-0.217 0.223-0.502 0.335-0.787 0.335s-0.57-0.112-0.789-0.335c0 0-4.287-4.084-4.695-4.502s-0.436-1.17 0-1.615z"
                    />
                  </svg>
                </div>
              </div>
            </div>
            <div>
              <input
                name="stakeholders"
                type="hidden"
                value=""
              />
            </div>
          </div>
        </div>
        <div
          class="margin-top-3 margin-bottom-6"
        >
          <button
            class="usa-button usa-button usa-button--unstyled"
            data-testid="add-note-toggle"
            type="button"
          >
            <svg
              aria-hidden="true"
              class="usa-icon margin-right-1"
              focusable="false"
              height="1em"
              role="img"
              viewBox="0 0 24 24"
              width="1em"
              xmlns="http://www.w3.org/2000/svg"
            >
              <path
                d="M19 13h-6v6h-2v-6H5v-2h6V5h2v6h6v2z"
              />
            </svg>
            Add an additional note
          </button>
        </div>
      </div>
      <div
        class="usa-form-group margin-y-4 margin-bottom-8"
        data-scroll="ops-eval-and-learning-help-desk-use"
      >
        <label
          class="usa-label"
          data-testid="label"
          for="ops-eval-and-learning-help-desk-use"
        >
          Do you plan to use a helpdesk?
        </label>
        <fieldset
          class="usa-fieldset"
          data-testid="fieldset"
        >
          <div
            class="usa-radio"
            data-testid="radio"
          >
            <input
              class="usa-radio__input"
              data-testid="ops-eval-and-learning-help-desk-use-true"
              id="ops-eval-and-learning-help-desk-use-true"
              name="helpdeskUse"
              type="radio"
              value="TRUE"
            />
            <label
              class="usa-radio__label"
              for="ops-eval-and-learning-help-desk-use-true"
            >
              Yes
            </label>
          </div>
          <div
            class="usa-radio"
            data-testid="radio"
          >
            <input
              class="usa-radio__input"
              data-testid="ops-eval-and-learning-help-desk-use-false"
              id="ops-eval-and-learning-help-desk-use-false"
              name="helpdeskUse"
              type="radio"
              value="FALSE"
            />
            <label
              class="usa-radio__label"
              for="ops-eval-and-learning-help-desk-use-false"
            >
              No
            </label>
          </div>
        </fieldset>
        <div
          class="margin-top-3 margin-bottom-6"
        >
          <button
            class="usa-button usa-button usa-button--unstyled"
            data-testid="add-note-toggle"
            type="button"
          >
            <svg
              aria-hidden="true"
              class="usa-icon margin-right-1"
              focusable="false"
              height="1em"
              role="img"
              viewBox="0 0 24 24"
              width="1em"
              xmlns="http://www.w3.org/2000/svg"
            >
              <path
                d="M19 13h-6v6h-2v-6H5v-2h6V5h2v6h6v2z"
              />
            </svg>
            Add an additional note
          </button>
        </div>
      </div>
      <div
        class="usa-form-group"
        data-scroll="ops-eval-and-learning-contractor-support"
      >
        <label
          class="usa-label"
          data-testid="label"
          for="ops-eval-and-learning-contractor-support"
        >
          What contractors will support your model?
        </label>
        <div
          class="mint-checkbox usa-checkbox"
        >
          <input
            class="usa-checkbox__input"
            id="ops-eval-and-learning-contractor-support-ONE"
            name="contractorSupport"
            type="checkbox"
            value="ONE"
          />
          <label
            class="usa-checkbox__label"
            for="ops-eval-and-learning-contractor-support-ONE"
          >
            One contractor to support implementation
          </label>
          <p
            class="margin-y-1 margin-left-4 line-height-body-3 font-body-2xs text-pre-line"
          />
        </div>
        <div
          class="mint-checkbox usa-checkbox"
        >
          <input
            class="usa-checkbox__input"
            id="ops-eval-and-learning-contractor-support-MULTIPLE"
            name="contractorSupport"
            type="checkbox"
            value="MULTIPLE"
          />
          <label
            class="usa-checkbox__label"
            for="ops-eval-and-learning-contractor-support-MULTIPLE"
          >
            May have separate contractors for different implementation functions
          </label>
          <p
            class="margin-y-1 margin-left-4 line-height-body-3 font-body-2xs text-pre-line"
          />
        </div>
        <div
          class="mint-checkbox usa-checkbox"
        >
          <input
            class="usa-checkbox__input"
            id="ops-eval-and-learning-contractor-support-NONE"
            name="contractorSupport"
            type="checkbox"
            value="NONE"
          />
          <label
            class="usa-checkbox__label"
            for="ops-eval-and-learning-contractor-support-NONE"
          >
            Do not plan to use an implemenation contractor
          </label>
          <p
            class="margin-y-1 margin-left-4 line-height-body-3 font-body-2xs text-pre-line"
          />
        </div>
        <div
          class="mint-checkbox usa-checkbox"
        >
          <input
            class="usa-checkbox__input"
            id="ops-eval-and-learning-contractor-support-OTHER"
            name="contractorSupport"
            type="checkbox"
            value="OTHER"
          />
          <label
            class="usa-checkbox__label"
            for="ops-eval-and-learning-contractor-support-OTHER"
          >
            Other
          </label>
          <p
            class="margin-y-1 margin-left-4 line-height-body-3 font-body-2xs text-pre-line"
          />
        </div>
        <div
          class="usa-form-group"
          data-scroll="ops-eval-and-learning-contractor-support-how"
        >
          <label
            class="usa-label text-normal margin-top-4"
            data-testid="label"
            for="ops-eval-and-learning-contractor-support-how"
          >
            In what capacity will they support your model?
          </label>
          <p
            class="text-base margin-y-1"
          >
            (implementation, data analysis, quality, etc.)
          </p>
          <textarea
            aria-labelledby="label-ops-eval-and-learning-contractor-support-how hint-ops-eval-and-learning-contractor-support-how"
            class="height-card usa-textarea"
            data-testid="ops-eval-and-learning-contractor-support-how"
            id="ops-eval-and-learning-contractor-support-how"
            name="contractorSupportHow"
          >
            Differ text
          </textarea>
        </div>
        <div
          class="margin-top-3 margin-bottom-6"
        >
          <button
            class="usa-button usa-button usa-button--unstyled"
            data-testid="add-note-toggle"
            type="button"
          >
            <svg
              aria-hidden="true"
              class="usa-icon margin-right-1"
              focusable="false"
              height="1em"
              role="img"
              viewBox="0 0 24 24"
              width="1em"
              xmlns="http://www.w3.org/2000/svg"
            >
              <path
                d="M19 13h-6v6h-2v-6H5v-2h6V5h2v6h6v2z"
              />
            </svg>
            Add an additional note
          </button>
        </div>
      </div>
      <div
        class="usa-form-group margin-y-4 margin-bottom-8"
        data-scroll="ops-eval-and-learning-iddoc-support"
      >
        <label
          class="usa-label"
          data-testid="label"
          for="ops-eval-and-learning-iddoc-support"
        >
          Are you planning to use IDDOC support?
        </label>
        <p
          class="text-base margin-y-1"
        >
          IDDOC is commonly known as ACO-OS (Accountable Care Organization Operating System). They can provide support for design, development, operations, and maintenance.
        </p>
        <p
          class="text-base margin-y-1 margin-top-2"
        >
          If you select yes, there will be additional questions to answer.
        </p>
        <fieldset
          class="usa-fieldset"
          data-testid="fieldset"
        >
          <div
            class="usa-radio"
            data-testid="radio"
          >
            <input
              class="usa-radio__input"
              data-testid="ops-eval-and-learning-iddoc-support-true"
              id="ops-eval-and-learning-iddoc-support-true"
              name="iddocSupport"
              type="radio"
              value="TRUE"
            />
            <label
              class="usa-radio__label"
              for="ops-eval-and-learning-iddoc-support-true"
            >
              Yes
            </label>
          </div>
          <div
            class="usa-radio"
            data-testid="radio"
          >
            <input
              class="usa-radio__input"
              data-testid="ops-eval-and-learning-iddoc-support-false"
              id="ops-eval-and-learning-iddoc-support-false"
              name="iddocSupport"
              type="radio"
              value="FALSE"
            />
            <label
              class="usa-radio__label"
              for="ops-eval-and-learning-iddoc-support-false"
            >
              No
            </label>
          </div>
        </fieldset>
        <div
          class="margin-top-3 margin-bottom-6"
        >
          <button
            class="usa-button usa-button usa-button--unstyled"
            data-testid="add-note-toggle"
            type="button"
          >
            <svg
              aria-hidden="true"
              class="usa-icon margin-right-1"
              focusable="false"
              height="1em"
              role="img"
              viewBox="0 0 24 24"
              width="1em"
              xmlns="http://www.w3.org/2000/svg"
            >
              <path
                d="M19 13h-6v6h-2v-6H5v-2h6V5h2v6h6v2z"
              />
            </svg>
            Add an additional note
          </button>
        </div>
      </div>
      <div
        class="margin-top-6 margin-bottom-3"
      >
        <button
          class="usa-button"
          data-testid="button"
          type="submit"
        >
          Next
        </button>
      </div>
      <button
        class="usa-button usa-button usa-button--unstyled"
        data-testid="button"
        type="button"
      >
        <svg
          aria-hidden="true"
          class="usa-icon margin-right-1"
          focusable="false"
          height="1em"
          role="img"
          viewBox="0 0 24 24"
          width="1em"
          xmlns="http://www.w3.org/2000/svg"
        >
          <path
            d="M20 11H7.83l5.59-5.59L12 4l-8 8 8 8 1.41-1.41L7.83 13H20v-2z"
          />
        </svg>
        Save and return to task list
      </button>
    </fieldset>
  </form>
  <div
    class="mint-page-number margin-y-6"
  >
    <span
      class="mint-page-number__page-num"
    >
      Page 1 of 5
    </span>
  </div>
</DocumentFragment>
`;
