// Vitest Snapshot v1, https://vitest.dev/guide/snapshot.html

exports[`The Privacy Policy static page > matches the snapshot 1`] = `[Function]`;
