// Vitest Snapshot v1, https://vitest.dev/guide/snapshot.html

exports[`Filter View Modal > matches snapshot 1`] = `
<DocumentFragment>
  <div
    class="position-sticky z-100 bg-primary-darker text-white padding-105 group-filter-banner"
    data-testid="group-filter-banner"
  >
    <div
      class="grid-container"
      data-testid="gridContainer"
    >
      <div
        class="banner display-flex flex-justify"
      >
        <div
          class="display-flex flex-align-center"
          style="gap: 1rem;"
        >
          <svg
            aria-label="visibility"
            class="usa-icon usa-icon--size-3"
            focusable="false"
            height="1em"
            role="img"
            viewBox="0 0 24 24"
            width="1em"
            xmlns="http://www.w3.org/2000/svg"
          >
            <path
              d="M12 4.5C7 4.5 2.73 7.61 1 12c1.73 4.39 6 7.5 11 7.5s9.27-3.11 11-7.5c-1.73-4.39-6-7.5-11-7.5zM12 17c-2.76 0-5-2.24-5-5s2.24-5 5-5 5 2.24 5 5-2.24 5-5 5zm0-8c-1.66 0-3 1.34-3 3s1.34 3 3 3 3-1.34 3-3-1.34-3-3-3z"
            />
          </svg>
          <div>
            You are viewing 
            <strong>
              CMMI
            </strong>
             information.
          </div>
        </div>
        <div
          class="mint-no-print"
        >
          <div
            class="display-flex flex-justify flex-align-center flex-align-self-end"
            style="gap: 1rem;"
          >
            <button
              class="usa-button usa-button--unstyled text-white text-no-wrap"
              data-testid="button"
              type="button"
            >
              Clear filter
            </button>
            <button
              class="usa-button"
              data-testid="button"
              type="button"
            >
              Filter
            </button>
            <button
              class="usa-button usa-button--outline text-white shadow-none border-white border-2px"
              data-testid="button"
              type="button"
            >
              Share or export
            </button>
          </div>
        </div>
      </div>
    </div>
  </div>
</DocumentFragment>
`;
