// Jest Snapshot v1, https://goo.gl/fbAQLP

exports[`IT Solutions NeedQuestionAndAnswer matches snapshot 1`] = `
<DocumentFragment>
  <nav
    aria-label="Breadcrumbs"
    class="usa-breadcrumb usa-breadcrumb--wrap"
  >
    <ol
      class="usa-breadcrumb__list"
    >
      <li
        class="usa-breadcrumb__list-item"
      >
        <a
          class="usa-link usa-breadcrumb__link"
          href="/"
        >
          <span>
            Home
          </span>
        </a>
      </li>
      <li
        class="usa-breadcrumb__list-item"
      >
        <a
          class="usa-link usa-breadcrumb__link"
          href="/models/ce3405a0-3399-4e3a-88d7-3cfc613d2905/task-list/"
        >
          <span>
            Model Plan task list
          </span>
        </a>
      </li>
      <li
        class="usa-breadcrumb__list-item"
      >
        <a
          class="usa-link usa-breadcrumb__link"
          href="/models/ce3405a0-3399-4e3a-88d7-3cfc613d2905/task-list/it-solutions"
        >
          <span>
            IT solutions tracker
          </span>
        </a>
      </li>
      <li
        aria-current="page"
        class="usa-breadcrumb__list-item usa-current"
      >
        <span>
          Select a solution
        </span>
      </li>
    </ol>
  </nav>
  <div
    class="grid-row grid-gap"
    data-testid="grid"
  >
    <div
      class="tablet:grid-col-9"
      data-testid="grid"
    >
      <h1
        aria-live="polite"
        class="mint-h1 margin-top-4 margin-bottom-2"
        tabindex="-1"
      >
        Select a solution
      </h1>
      <p
        class="margin-top-0 margin-bottom-1 font-body-lg"
        data-testid="model-plan-name"
      >
        for 
      </p>
      <p
        class="line-height-body-4"
      >
        Select from common solutions to solve your operational need or add another solution not listed.
      </p>
      <div
        class="tablet:grid-col-8 margin-bottom-4"
        data-testid="grid"
      >
        <div
          class="grid-container padding-3 bg-base-lightest maxw-none"
          data-testid="gridContainer"
        >
          <div
            class="grid-row"
            data-testid="grid"
          >
            <div
              class="desktop:grid-col-12"
              data-testid="grid"
            >
              <p
                class="text-bold margin-y-1"
              >
                Operational need
              </p>
              <p
                class="margin-top-0 font-body-sm"
              />
            </div>
            <div
              class="desktop:grid-col-12"
              data-testid="grid"
            >
              <a
                class="usa-link"
                href="/models/ce3405a0-3399-4e3a-88d7-3cfc613d2905/task-list/it-solutions/update-need/"
              >
                Edit this operational need
              </a>
            </div>
          </div>
        </div>
      </div>
      <div
        class="grid-row grid-gap"
        data-testid="grid"
      >
        <div
          class="tablet:grid-col-10"
          data-testid="grid"
        >
          <form
            action="#"
            class="margin-top-2"
            data-testid="it-tools-page-seven-form"
          >
            <legend
              class="text-bold margin-bottom-2"
            >
              Choose from common solutions
            </legend>
            <ul
              class="usa-card-group"
              data-testid="CardGroup"
            >
              <div
                class="tablet:grid-col-6"
                data-testid="grid"
              >
                <li
                  class="usa-card"
                  data-testid="Card"
                >
                  <div
                    class="usa-card__container"
                  >
                    <div
                      class="solutions-checkbox__header padding-2"
                    >
                      <div
                        class="usa-checkbox"
                        data-testid="checkbox"
                      >
                        <input
                          class="usa-checkbox__input"
                          id="it-solutions-rmada"
                          name="solutions[0].needed"
                          testid="it-solutions-rmada"
                          type="checkbox"
                          value="false"
                        />
                        <label
                          class="usa-checkbox__label"
                          for="it-solutions-rmada"
                        >
                          Select a solution
                        </label>
                      </div>
                      <h3
                        class="margin-y-2"
                      >
                        Research, Measurement, Assessment, Design, and Analysis (RMADA)
                      </h3>
                      <div
                        class="margin-bottom-2 solutions-checkbox__body-text"
                      >
                        Short summary. Lorem ipsum dolor sit amet, consectetur adipiscing elit, sed do eiusmod tempor incididunt ut labore et dolore aliqa...
                      </div>
                      <p
                        class="text-bold margin-bottom-0"
                      >
                        Point of contact
                      </p>
                      <p
                        class="margin-y-0"
                      >
                        John Doe
                      </p>
                      <a
                        aria-label="Send an email"
                        class="usa-link line-height-body-5"
                        href="mailto:"
                        target="_blank"
                      >
                        <div
                          class="margin-bottom-2"
                        />
                      </a>
                      <div
                        class="mint-divider"
                      />
                      <button
                        class="usa-button display-flex flex-align-center usa-button usa-button--unstyled margin-y-2"
                        data-testid="button"
                        type="button"
                      >
                        About this solution
                        <svg
                          class="usa-icon margin-left-1"
                          focusable="false"
                          height="1em"
                          role="img"
                          viewBox="0 0 24 24"
                          width="1em"
                          xmlns="http://www.w3.org/2000/svg"
                        >
                          <path
                            d="M0 0h24v24H0z"
                            fill="none"
                          />
                          <path
                            d="m12 4-1.41 1.41L16.17 11H4v2h12.17l-5.58 5.59L12 20l8-8z"
                          />
                        </svg>
                      </button>
                    </div>
                  </div>
                </li>
              </div>
            </ul>
            <button
              class="usa-button usa-button usa-button--outline margin-top-2"
              data-testid="button"
              id="add-solution-not-listed"
              type="button"
            >
              Select another solution not listed
            </button>
            <div
              class="margin-top-6 margin-bottom-3"
            >
              <button
                class="usa-button margin-bottom-1"
                data-testid="button"
                disabled=""
                type="submit"
              >
                Continue
              </button>
            </div>
            <button
              class="usa-button usa-button usa-button--unstyled display-flex flex-align-center"
              data-testid="button"
              type="button"
            >
              <svg
                aria-hidden="true"
                class="usa-icon margin-right-1"
                focusable="false"
                height="1em"
                role="img"
                viewBox="0 0 24 24"
                width="1em"
                xmlns="http://www.w3.org/2000/svg"
              >
                <path
                  d="M0 0h24v24H0z"
                  fill="none"
                />
                <path
                  d="M20 11H7.83l5.59-5.59L12 4l-8 8 8 8 1.41-1.41L7.83 13H20v-2z"
                />
              </svg>
              Donâ€™t add solutions and return to tracker
            </button>
          </form>
        </div>
      </div>
    </div>
    <div
      class="tablet:grid-col-3 padding-x-1"
      data-testid="grid"
    >
      <div
        class="border-top-05 border-primary-lighter padding-top-2 margin-top-4"
      >
        <div
          class="padding-2 bg-primary-lighter"
        >
          <p
            class="text-bold margin-top-0"
          >
            Need help choosing a solution?
          </p>
          <div
            class="display-flex"
            data-testid="ask-a-question"
          >
            <svg
              class="usa-icon text-primary margin-right-1"
              focusable="false"
              height="1em"
              role="img"
              viewBox="0 0 24 24"
              width="1em"
              xmlns="http://www.w3.org/2000/svg"
            >
              <path
                d="M0 0h24v24H0z"
                fill="none"
              />
              <path
                d="M20 2H4c-1.1 0-1.99.9-1.99 2L2 22l4-4h14c1.1 0 2-.9 2-2V4c0-1.1-.9-2-2-2zm-7 9h-2V5h2v6zm0 4h-2v-2h2v2z"
              />
            </svg>
            <button
              class="usa-button usa-button--unstyled"
              data-testid="ask-a-question-button"
              type="button"
            >
              Ask a question
            </button>
          </div>
        </div>
      </div>
      <div
        class="margin-top-4"
      >
        <p
          class="text-bold margin-bottom-2"
        >
          Helpful links
        </p>
        <button
          class="usa-button usa-button usa-button--unstyled line-height-body-5"
          data-testid="button"
          type="button"
        >
          Available operational solutions (opens in a new tab)
        </button>
      </div>
    </div>
  </div>
</DocumentFragment>
`;
