// Vitest Snapshot v1, https://vitest.dev/guide/snapshot.html

exports[`The Alert component > matches snapshot 1`] = `
<DocumentFragment>
  <div
    class="usa-alert usa-alert--info mint-alert-text flex"
    data-testid="alert"
  >
    <div
      class="usa-alert__body"
    >
      <h4
        class="usa-alert__heading"
      >
        Info Alert
      </h4>
      <p
        class="usa-alert__text"
      >
        <span>
          This is information
        </span>
        <button
          aria-label="Close Button"
          class="usa-button usa-button usa-button--unstyled text-no-underline text-black flex-align-start margin-top-05"
          data-testid="button"
          role="button"
          tabindex="0"
          type="button"
        >
          âœ•
        </button>
      </p>
    </div>
  </div>
</DocumentFragment>
`;
