// Jest Snapshot v1, https://goo.gl/fbAQLP

exports[`Read Only Model Plan Summary -- Operations, Evaluation, and Learning matches snapshot 1`] = `
<DocumentFragment>
  <div
    class="read-only-model-plan--ops-eval-and-learning"
    data-testid="read-only-model-plan--ops-eval-and-learning"
  >
    <div
      class="display-flex flex-justify flex-align-start"
    >
      <h2
        class="margin-top-0 margin-bottom-4"
      >
        Operations, evaluation, and learning
      </h2>
      <span
        class="model-plan-task-list__task-tag line-height-body-1 text-bold mint-no-print bg-warning"
        data-testid="tasklist-tag"
      >
        In progress
      </span>
    </div>
    <div
      class="margin-bottom-4 padding-bottom-2 border-bottom-1px border-base-light"
    >
      <div
        class="desktop:grid-col-12"
        data-testid="grid"
      >
        <div
          class="read-only-section read-only-section--will-another-agency-or-state-help-design-operate-the-model margin-bottom-3"
        >
          <p
            class="text-bold margin-y-0 font-body-sm line-height-sans-4 text-pre-line"
          >
            Will another Agency or State help design/operate the model?
          </p>
          <ul
            class="margin-y-0 padding-left-3"
          >
            <li
              class="font-sans-md line-height-sans-4"
            >
              Yes, we will partner with states
            </li>
            <li
              class="font-sans-md line-height-sans-4"
            >
              Other
            </li>
            <ul
              data-testid="other-entry"
            >
              <li
                class="font-sans-md line-height-sans-4"
              >
                <em
                  class="text-base"
                >
                  Other not specified
                </em>
              </li>
            </ul>
          </ul>
        </div>
      </div>
      <div
        class="desktop:grid-col-12"
        data-testid="grid"
      >
        <div
          class="read-only-section read-only-section--what-stakeholders-do-you-plan-to-communicate-with margin-bottom-3"
        >
          <p
            class="text-bold margin-y-0 font-body-sm line-height-sans-4 text-pre-line"
          >
            What stakeholders do you plan to communicate with?
          </p>
          <ul
            class="margin-y-0 padding-left-3"
          >
            <li
              class="font-sans-md line-height-sans-4"
            >
              Beneficiaries
            </li>
            <li
              class="font-sans-md line-height-sans-4"
            >
              Participants
            </li>
            <li
              class="font-sans-md line-height-sans-4"
            >
              Providers
            </li>
          </ul>
        </div>
      </div>
      <div
        class="desktop:grid-col-12"
        data-testid="grid"
      >
        <div
          class="read-only-section read-only-section--do-you-plan-to-use-a-helpdesk margin-bottom-3"
        >
          <p
            class="text-bold margin-y-0 font-body-sm line-height-sans-4 text-pre-line"
          >
            Do you plan to use a helpdesk?
          </p>
          <p
            class="margin-y-0 font-body-md line-height-sans-4 text-pre-line"
          >
            <em
              class="text-base"
            >
              No answer entered
            </em>
          </p>
        </div>
      </div>
      <div
        class="grid-row grid-gap"
        data-testid="grid"
      >
        <div
          class="desktop:grid-col-6"
          data-testid="grid"
        >
          <div
            class="desktop:grid-col-12"
            data-testid="grid"
          >
            <div
              class="read-only-section read-only-section--what-contractors-will-support-your-model margin-bottom-3"
            >
              <p
                class="text-bold margin-y-0 font-body-sm line-height-sans-4 text-pre-line"
              >
                What contractors will support your model?
              </p>
              <ul
                class="margin-y-0 padding-left-3"
              >
                <li
                  class="font-sans-md line-height-sans-4"
                >
                  May have separate contractors for different implementation functions
                </li>
                <li
                  class="font-sans-md line-height-sans-4"
                >
                  Other
                </li>
                <ul
                  data-testid="other-entry"
                >
                  <li
                    class="font-sans-md line-height-sans-4"
                  >
                    <em
                      class="text-base"
                    >
                      Other not specified
                    </em>
                  </li>
                </ul>
              </ul>
            </div>
          </div>
        </div>
        <div
          class="desktop:grid-col-6"
          data-testid="grid"
        >
          <div
            class="desktop:grid-col-12"
            data-testid="grid"
          >
            <div
              class="read-only-section read-only-section--in-what-capacity-will-they-support-your-model margin-bottom-3"
            >
              <p
                class="text-bold margin-y-0 font-body-sm line-height-sans-4 text-pre-line"
              >
                In what capacity will they support your model?
              </p>
              <p
                class="margin-y-0 font-body-md line-height-sans-4 text-pre-line"
              >
                <em
                  class="text-base"
                >
                  No answer entered
                </em>
              </p>
            </div>
          </div>
        </div>
      </div>
    </div>
    <div
      class="margin-bottom-4 padding-bottom-2 border-bottom-1px border-base-light"
    >
      <h3>
        IDDOC Operations
      </h3>
      <div
        class="desktop:grid-col-12"
        data-testid="grid"
      >
        <div
          class="read-only-section read-only-section--are-you-planning-to-use-iddoc-support margin-bottom-3"
        >
          <p
            class="text-bold margin-y-0 font-body-sm line-height-sans-4 text-pre-line"
          >
            Are you planning to use IDDOC support?
          </p>
          <p
            class="margin-y-0 font-body-md line-height-sans-4 text-pre-line"
          >
            <em
              class="text-base"
            >
              No answer entered
            </em>
          </p>
        </div>
      </div>
    </div>
    <div
      class="margin-bottom-4 padding-bottom-2 border-bottom-1px border-base-light"
    >
      <div
        class="desktop:grid-col-12"
        data-testid="grid"
      >
        <div
          class="read-only-section read-only-section--will-you-establish-a-benchmark-to-capture-performance margin-bottom-3"
        >
          <p
            class="text-bold margin-y-0 font-body-sm line-height-sans-4 text-pre-line"
          >
            Will you establish a benchmark to capture performance?
          </p>
          <p
            class="margin-y-0 font-body-md line-height-sans-4 text-pre-line"
          >
            <em
              class="text-base"
            >
              No answer entered
            </em>
          </p>
        </div>
      </div>
      <div
        class="desktop:grid-col-12"
        data-testid="grid"
      >
        <div
          class="read-only-section read-only-section--will-you-compute-performance-scores margin-bottom-3"
        >
          <p
            class="text-bold margin-y-0 font-body-sm line-height-sans-4 text-pre-line"
          >
            Will you compute performance scores?
          </p>
          <p
            class="margin-y-0 font-body-md line-height-sans-4 text-pre-line"
          >
            <em
              class="text-base"
            >
              No answer entered
            </em>
          </p>
        </div>
      </div>
      <div
        class="grid-row grid-gap"
        data-testid="grid"
      >
        <div
          class="desktop:grid-col-6"
          data-testid="grid"
        >
          <div
            class="desktop:grid-col-12"
            data-testid="grid"
          >
            <div
              class="read-only-section read-only-section--will-you-make-risk-adjustments-to-performance-scores margin-bottom-3"
            >
              <p
                class="text-bold margin-y-0 font-body-sm line-height-sans-4 text-pre-line"
              >
                Will you make risk adjustments to performance scores?
              </p>
              <p
                class="margin-y-0 font-body-md line-height-sans-4 text-pre-line"
              >
                <em
                  class="text-base"
                >
                  No answer entered
                </em>
              </p>
            </div>
          </div>
        </div>
        <div
          class="desktop:grid-col-6"
          data-testid="grid"
        >
          <div
            class="desktop:grid-col-12"
            data-testid="grid"
          >
            <div
              class="read-only-section read-only-section--will-you-make-risk-adjustments-to-feedback-results margin-bottom-3"
            >
              <p
                class="text-bold margin-y-0 font-body-sm line-height-sans-4 text-pre-line"
              >
                Will you make risk adjustments to feedback results?
              </p>
              <p
                class="margin-y-0 font-body-md line-height-sans-4 text-pre-line"
              >
                <em
                  class="text-base"
                >
                  No answer entered
                </em>
              </p>
            </div>
          </div>
        </div>
      </div>
      <div
        class="grid-row grid-gap"
        data-testid="grid"
      >
        <div
          class="desktop:grid-col-6"
          data-testid="grid"
        >
          <div
            class="desktop:grid-col-12"
            data-testid="grid"
          >
            <div
              class="read-only-section read-only-section--will-you-make-risk-adjustments-to-payments margin-bottom-3"
            >
              <p
                class="text-bold margin-y-0 font-body-sm line-height-sans-4 text-pre-line"
              >
                Will you make risk adjustments to payments?
              </p>
              <p
                class="margin-y-0 font-body-md line-height-sans-4 text-pre-line"
              >
                <em
                  class="text-base"
                >
                  No answer entered
                </em>
              </p>
            </div>
          </div>
        </div>
        <div
          class="desktop:grid-col-6"
          data-testid="grid"
        >
          <div
            class="desktop:grid-col-12"
            data-testid="grid"
          >
            <div
              class="read-only-section read-only-section--will-you-make-risk-adjustments-to-others margin-bottom-3"
            >
              <p
                class="text-bold margin-y-0 font-body-sm line-height-sans-4 text-pre-line"
              >
                Will you make risk adjustments to others?
              </p>
              <p
                class="margin-y-0 font-body-md line-height-sans-4 text-pre-line"
              >
                <em
                  class="text-base"
                >
                  No answer entered
                </em>
              </p>
            </div>
          </div>
        </div>
      </div>
      <div
        class="grid-row grid-gap"
        data-testid="grid"
      >
        <div
          class="desktop:grid-col-6"
          data-testid="grid"
        >
          <div
            class="desktop:grid-col-12"
            data-testid="grid"
          >
            <div
              class="read-only-section read-only-section--will-participants-be-able-to-appeal-performance-scores margin-bottom-3"
            >
              <p
                class="text-bold margin-y-0 font-body-sm line-height-sans-4 text-pre-line"
              >
                Will participants be able to appeal performance scores?
              </p>
              <p
                class="margin-y-0 font-body-md line-height-sans-4 text-pre-line"
              >
                <em
                  class="text-base"
                >
                  No answer entered
                </em>
              </p>
            </div>
          </div>
        </div>
        <div
          class="desktop:grid-col-6"
          data-testid="grid"
        >
          <div
            class="desktop:grid-col-12"
            data-testid="grid"
          >
            <div
              class="read-only-section read-only-section--will-participants-be-able-to-appeal-feedback-results margin-bottom-3"
            >
              <p
                class="text-bold margin-y-0 font-body-sm line-height-sans-4 text-pre-line"
              >
                Will participants be able to appeal feedback results?
              </p>
              <p
                class="margin-y-0 font-body-md line-height-sans-4 text-pre-line"
              >
                <em
                  class="text-base"
                >
                  No answer entered
                </em>
              </p>
            </div>
          </div>
        </div>
      </div>
      <div
        class="grid-row grid-gap"
        data-testid="grid"
      >
        <div
          class="desktop:grid-col-6"
          data-testid="grid"
        >
          <div
            class="desktop:grid-col-12"
            data-testid="grid"
          >
            <div
              class="read-only-section read-only-section--will-participants-be-able-to-appeal-payments margin-bottom-3"
            >
              <p
                class="text-bold margin-y-0 font-body-sm line-height-sans-4 text-pre-line"
              >
                Will participants be able to appeal payments?
              </p>
              <p
                class="margin-y-0 font-body-md line-height-sans-4 text-pre-line"
              >
                <em
                  class="text-base"
                >
                  No answer entered
                </em>
              </p>
            </div>
          </div>
        </div>
        <div
          class="desktop:grid-col-6"
          data-testid="grid"
        >
          <div
            class="desktop:grid-col-12"
            data-testid="grid"
          >
            <div
              class="read-only-section read-only-section--will-participants-be-able-to-appeal-others margin-bottom-3"
            >
              <p
                class="text-bold margin-y-0 font-body-sm line-height-sans-4 text-pre-line"
              >
                Will participants be able to appeal others?
              </p>
              <p
                class="margin-y-0 font-body-md line-height-sans-4 text-pre-line"
              >
                <em
                  class="text-base"
                >
                  No answer entered
                </em>
              </p>
            </div>
          </div>
        </div>
      </div>
    </div>
    <div
      class="margin-bottom-4 padding-bottom-2 border-bottom-1px border-base-light"
    >
      <div
        class="desktop:grid-col-12"
        data-testid="grid"
      >
        <div
          class="read-only-section read-only-section--what-type-of-evaluation-approach-are-you-considering margin-bottom-3"
        >
          <p
            class="text-bold margin-y-0 font-body-sm line-height-sans-4 text-pre-line"
          >
            What type of evaluation approach are you considering?
          </p>
          <ul
            class="margin-y-0 padding-left-3"
          >
            <li
              class="font-sans-md line-height-sans-4"
            >
              Interrupted time series
            </li>
            <li
              class="font-sans-md line-height-sans-4"
            >
              Other
            </li>
            <ul
              data-testid="other-entry"
            >
              <li
                class="font-sans-md line-height-sans-4"
              >
                <em
                  class="text-base"
                >
                  Other not specified
                </em>
              </li>
            </ul>
          </ul>
        </div>
      </div>
      <div
        class="desktop:grid-col-12"
        data-testid="grid"
      >
        <div
          class="read-only-section read-only-section--is-chronic-conditions-warehouse--ccw--involved-in-the-model margin-bottom-3"
        >
          <p
            class="text-bold margin-y-0 font-body-sm line-height-sans-4 text-pre-line"
          >
            Is Chronic Conditions Warehouse (CCW) involved in the model?
          </p>
          <ul
            class="margin-y-0 padding-left-3"
          >
            <li
              class="font-sans-md line-height-sans-4"
            >
              Yes, for evaluation
            </li>
            <li
              class="font-sans-md line-height-sans-4"
            >
              Other
            </li>
            <ul
              data-testid="other-entry"
            >
              <li
                class="font-sans-md line-height-sans-4"
              >
                <em
                  class="text-base"
                >
                  Other not specified
                </em>
              </li>
            </ul>
          </ul>
        </div>
      </div>
      <div
        class="desktop:grid-col-12"
        data-testid="grid"
      >
        <div
          class="read-only-section read-only-section--what-data-do-you-need-to-monitor-the-model margin-bottom-3"
        >
          <p
            class="text-bold margin-y-0 font-body-sm line-height-sans-4 text-pre-line"
          >
            What data do you need to monitor the model?
          </p>
          <ul
            class="margin-y-0 padding-left-3"
          >
            <li
              class="font-sans-md line-height-sans-4"
            >
              Clinical data
            </li>
            <li
              class="font-sans-md line-height-sans-4"
            >
              Medicare claims
            </li>
            <li
              class="font-sans-md line-height-sans-4"
            >
              Other
            </li>
            <ul
              data-testid="other-entry"
            >
              <li
                class="font-sans-md line-height-sans-4"
              >
                <em
                  class="text-base"
                >
                  Other not specified
                </em>
              </li>
            </ul>
          </ul>
        </div>
      </div>
      <div
        class="desktop:grid-col-12"
        data-testid="grid"
      >
        <div
          class="read-only-section read-only-section--what-data-will-you-send-to-participants margin-bottom-3"
        >
          <p
            class="text-bold margin-y-0 font-body-sm line-height-sans-4 text-pre-line"
          >
            What data will you send to participants?
          </p>
          <ul
            class="margin-y-0 padding-left-3"
          >
            <li
              class="font-sans-md line-height-sans-4"
            >
              Baseline/historical data
            </li>
            <li
              class="font-sans-md line-height-sans-4"
            >
              Beneficiary-level data
            </li>
            <li
              class="font-sans-md line-height-sans-4"
            >
              Other
            </li>
            <ul
              data-testid="other-entry"
            >
              <li
                class="font-sans-md line-height-sans-4"
              >
                <em
                  class="text-base"
                >
                  Other not specified
                </em>
              </li>
            </ul>
          </ul>
        </div>
      </div>
      <div
        class="desktop:grid-col-12"
        data-testid="grid"
      >
        <div
          class="read-only-section read-only-section--does-the-model-require-that-identifiable-claim-and-claim-line-feed--cclfs--data-need-to-be-shared-with-participants margin-bottom-3"
        >
          <p
            class="text-bold margin-y-0 font-body-sm line-height-sans-4 text-pre-line"
          >
            Does the model require that identifiable Claim and Claim Line Feed (CCLFs) data need to be shared with participants?
          </p>
          <p
            class="margin-y-0 font-body-md line-height-sans-4 text-pre-line"
          >
            <em
              class="text-base"
            >
              No answer entered
            </em>
          </p>
        </div>
      </div>
    </div>
    <div
      class="margin-bottom-4 padding-bottom-2 border-bottom-1px border-base-light"
    >
      <h3>
        Chronic Conditions Warehouse (CCW)
      </h3>
      <div
        class="desktop:grid-col-12"
        data-testid="grid"
      >
        <div
          class="read-only-section read-only-section--will-you-need-to-send-files-between-the-ccw-and-other-applications margin-bottom-3"
        >
          <p
            class="text-bold margin-y-0 font-body-sm line-height-sans-4 text-pre-line"
          >
            Will you need to send files between the CCW and other applications?
          </p>
          <p
            class="margin-y-0 font-body-md line-height-sans-4 text-pre-line"
          >
            <em
              class="text-base"
            >
              No answer entered
            </em>
          </p>
        </div>
      </div>
      <div
        class="grid-row grid-gap"
        data-testid="grid"
      >
        <div
          class="desktop:grid-col-12"
          data-testid="grid"
        >
          <div
            class="read-only-section read-only-section--do-you-know-which-applications-will-be-on-the-other-sides-of-the-file-transfers margin-bottom-3"
          >
            <p
              class="text-bold margin-y-0 font-body-sm line-height-sans-4 text-pre-line"
            >
              Do you know which applications will be on the other sides of the file transfers?
            </p>
            <p
              class="margin-y-0 font-body-md line-height-sans-4 text-pre-line"
            >
              <em
                class="text-base"
              >
                No answer entered
              </em>
            </p>
          </div>
        </div>
      </div>
      <div
        class="desktop:grid-col-12"
        data-testid="grid"
      >
        <div
          class="read-only-section read-only-section--will-you-use-the-ccw-to-distribute-files-to-and-from-model-participants margin-bottom-3"
        >
          <p
            class="text-bold margin-y-0 font-body-sm line-height-sans-4 text-pre-line"
          >
            Will you use the CCW to distribute files to and from model participants?
          </p>
          <p
            class="margin-y-0 font-body-md line-height-sans-4 text-pre-line"
          >
            <em
              class="text-base"
            >
              No answer entered
            </em>
          </p>
        </div>
      </div>
    </div>
    <div
      class="margin-bottom-4 padding-bottom-2 border-bottom-1px border-base-light"
    >
      <h3>
        Data Sharing, Collection, and Reporting Timing and Frequency
      </h3>
      <div
        class="desktop:grid-col-12"
        data-testid="grid"
      >
        <div
          class="read-only-section read-only-section--data-sharing-starts margin-bottom-3"
        >
          <p
            class="text-bold margin-y-0 font-body-sm line-height-sans-4 text-pre-line"
          >
            Data sharing starts
          </p>
          <p
            class="margin-y-0 font-body-md line-height-sans-4 text-pre-line"
          >
            <em
              class="text-base"
            >
              No answer entered
            </em>
          </p>
        </div>
      </div>
      <div
        class="desktop:grid-col-12"
        data-testid="grid"
      >
        <div
          class="read-only-section read-only-section--how-often-do-you-anticipate-sharing-data margin-bottom-3"
        >
          <p
            class="text-bold margin-y-0 font-body-sm line-height-sans-4 text-pre-line"
          >
            How often do you anticipate sharing data?
          </p>
          <ul
            class="margin-y-0 padding-left-3"
          >
            <li
              class="font-sans-md line-height-sans-4"
            >
              Daily
            </li>
          </ul>
        </div>
      </div>
      <div
        class="desktop:grid-col-12"
        data-testid="grid"
      >
        <div
          class="read-only-section read-only-section--data-collection-starts margin-bottom-3"
        >
          <p
            class="text-bold margin-y-0 font-body-sm line-height-sans-4 text-pre-line"
          >
            Data collection starts
          </p>
          <p
            class="margin-y-0 font-body-md line-height-sans-4 text-pre-line"
          >
            <em
              class="text-base"
            >
              No answer entered
            </em>
          </p>
        </div>
      </div>
      <div
        class="desktop:grid-col-12"
        data-testid="grid"
      >
        <div
          class="read-only-section read-only-section--how-often-do-you-anticipate-collecting-data margin-bottom-3"
        >
          <p
            class="text-bold margin-y-0 font-body-sm line-height-sans-4 text-pre-line"
          >
            How often do you anticipate collecting data?
          </p>
          <ul
            class="margin-y-0 padding-left-3"
          >
            <li
              class="font-sans-md line-height-sans-4"
            >
              Monthly
            </li>
          </ul>
        </div>
      </div>
      <div
        class="desktop:grid-col-12"
        data-testid="grid"
      >
        <div
          class="read-only-section read-only-section--quality-reporting-starts margin-bottom-3"
        >
          <p
            class="text-bold margin-y-0 font-body-sm line-height-sans-4 text-pre-line"
          >
            Quality reporting starts
          </p>
          <p
            class="margin-y-0 font-body-md line-height-sans-4 text-pre-line"
          >
            <em
              class="text-base"
            >
              No answer entered
            </em>
          </p>
        </div>
      </div>
    </div>
    <div>
      <div
        class="desktop:grid-col-12"
        data-testid="grid"
      >
        <div
          class="read-only-section read-only-section--will-the-model-have-a-learning-strategy margin-bottom-3"
        >
          <p
            class="text-bold margin-y-0 font-body-sm line-height-sans-4 text-pre-line"
          >
            Will the model have a learning strategy?
          </p>
          <ul
            class="margin-y-0 padding-left-3"
          >
            <li
              class="font-sans-md line-height-sans-4"
            >
              We plan to use an IT platform (Connect)
            </li>
            <li
              class="font-sans-md line-height-sans-4"
            >
              No, we will not have a learning strategy
            </li>
            <li
              class="font-sans-md line-height-sans-4"
            >
              Other
            </li>
            <ul
              data-testid="other-entry"
            >
              <li
                class="font-sans-md line-height-sans-4"
              >
                <em
                  class="text-base"
                >
                  Other not specified
                </em>
              </li>
            </ul>
          </ul>
        </div>
      </div>
      <div
        class="desktop:grid-col-12"
        data-testid="grid"
      >
        <div
          class="read-only-section read-only-section--what-challenges-do-you-anticipate-during-model-design-and-implementation margin-bottom-3"
        >
          <p
            class="text-bold margin-y-0 font-body-sm line-height-sans-4 text-pre-line"
          >
            What challenges do you anticipate during Model design and implementation?
          </p>
          <p
            class="margin-y-0 font-body-md line-height-sans-4 text-pre-line"
          >
            <em
              class="text-base"
            >
              No answer entered
            </em>
          </p>
        </div>
      </div>
    </div>
  </div>
</DocumentFragment>
`;
