// Jest Snapshot v1, https://goo.gl/fbAQLP

exports[`The Business Case Confirmation page matches the snapshot 1`] = `
<div
  className="grid-container margin-bottom-7"
>
  <div>
    <h1
      aria-live="polite"
      className="easi-h1"
      tabIndex={-1}
    >
      Your Business Case has been submitted
    </h1>
    <h2
      className="margin-bottom-8 text-normal"
    >
      Your reference ID is 
    </h2>
    <p
      className="margin-top-4"
    >
      Help us improve EASi. 
      <a
        aria-label="Open EASi survey in a new tab"
        href="https://www.surveymonkey.com/r/JNYSMZP"
        rel="noopener noreferrer"
        target="_blank"
      >
        Tell us what you think of this service (opens in a new tab)
      </a>
    </p>
    <div>
      <a
        className="display-flex"
        href="/governance-task-list/12345"
        onClick={[Function]}
      >
        <svg
          aria-hidden={true}
          className="usa-icon margin-x-05"
          focusable={false}
          height="1em"
          role="img"
          viewBox="0 0 24 24"
          width="1em"
          xmlns="http://www.w3.org/2000/svg"
        >
          <path
            d="M0 0h24v24H0z"
            fill="none"
          />
          <path
            d="M15.41 7.41 14 6l-6 6 6 6 1.41-1.41L10.83 12z"
          />
        </svg>
        Go back to Governance Task List
      </a>
    </div>
  </div>
</div>
`;
