// Vitest Snapshot v1, https://vitest.dev/guide/snapshot.html

exports[`MailboxAndTeamMemberModal Component > matches snapshot 1`] = `<DocumentFragment />`;
