// Vitest Snapshot v1, https://vitest.dev/guide/snapshot.html

exports[`Prepare for clearance checklist > matches snapshot 1`] = `
<DocumentFragment>
  <main
    class="mint-main-content"
    data-testid="new-plan"
    id="main-content"
    role="main"
    tabindex="-1"
  >
    <div
      class="grid-container"
      data-testid="gridContainer"
    >
      <div
        class="mobile:grid-col-12 tablet:grid-col-12 desktop:grid-col-12"
        data-testid="grid"
      >
        <nav
          aria-label="Breadcrumbs"
          class="usa-breadcrumb usa-breadcrumb--wrap"
        >
          <ol
            class="usa-breadcrumb__list"
          >
            <li
              class="usa-breadcrumb__list-item"
            >
              <a
                class="usa-breadcrumb__link"
                href="/"
              >
                <span>
                  Home
                </span>
              </a>
            </li>
            <li
              class="usa-breadcrumb__list-item"
            >
              <a
                class="usa-breadcrumb__link"
                href="/notifications"
              >
                <span>
                  Notifications
                </span>
              </a>
            </li>
            <li
              aria-current="page"
              class="usa-breadcrumb__list-item usa-current"
            >
              Notification settings
            </li>
          </ol>
        </nav>
        <h1
          aria-live="polite"
          class="mint-h1 margin-top-4 margin-bottom-2"
          tabindex="-1"
        >
          Notification settings
        </h1>
        <p
          class="margin-bottom-6 font-body-md line-height-sans-4"
        >
          You will be notified in-app for the following events and can choose to opt-out of receiving emails below.
        </p>
        <div
          class="grid-row"
          data-testid="grid"
        >
          <div
            class="mobile:grid-col-6"
            data-testid="grid"
          >
            <h3>
              Notification
            </h3>
          </div>
          <div
            class="mobile:grid-col-3"
            data-testid="grid"
          >
            <h3>
              Email
            </h3>
          </div>
          <div
            class="mobile:grid-col-3"
            data-testid="grid"
          >
            <h3>
              In-app
            </h3>
          </div>
        </div>
        <form
          action="#"
        >
          <fieldset
            class="usa-fieldset"
            data-testid="fieldset"
          >
            <div
              class="grid-row"
              data-testid="grid"
            >
              <div
                class="mobile:grid-col-6"
                data-testid="grid"
              >
                <p
                  class="text-wrap"
                >
                  Daily digest of the models I’m following when something changes
                </p>
              </div>
              <div
                class="mobile:grid-col-3"
                data-testid="grid"
              >
                <div
                  class="usa-checkbox padding-left-2"
                  data-testid="checkbox"
                >
                  <input
                    class="usa-checkbox__input"
                    data-testid="notification-setting-email-dailyDigestComplete"
                    id="notification-setting-email-dailyDigestComplete"
                    name="dailyDigestComplete"
                    type="checkbox"
                    value="EMAIL"
                  />
                  <label
                    class="usa-checkbox__label"
                    for="notification-setting-email-dailyDigestComplete"
                  />
                </div>
              </div>
              <div
                class="mobile:grid-col-3"
                data-testid="grid"
              >
                <div
                  class="usa-checkbox padding-left-2"
                  data-testid="checkbox"
                >
                  <input
                    class="usa-checkbox__input"
                    data-testid="notification-setting-in-app-dailyDigestComplete"
                    disabled=""
                    id="notification-setting-in-app-dailyDigestComplete"
                    name="dailyDigestComplete"
                    type="checkbox"
                    value="IN_APP"
                  />
                  <label
                    class="usa-checkbox__label"
                    for="notification-setting-in-app-dailyDigestComplete"
                  />
                </div>
              </div>
            </div>
            <div
              class="grid-row"
              data-testid="grid"
            >
              <div
                class="mobile:grid-col-6"
                data-testid="grid"
              >
                <p
                  class="text-wrap"
                >
                  When I’m added as a collaborator to a Model Plan
                </p>
              </div>
              <div
                class="mobile:grid-col-3"
                data-testid="grid"
              >
                <div
                  class="usa-checkbox padding-left-2"
                  data-testid="checkbox"
                >
                  <input
                    class="usa-checkbox__input"
                    data-testid="notification-setting-email-addedAsCollaborator"
                    id="notification-setting-email-addedAsCollaborator"
                    name="addedAsCollaborator"
                    type="checkbox"
                    value="EMAIL"
                  />
                  <label
                    class="usa-checkbox__label"
                    for="notification-setting-email-addedAsCollaborator"
                  />
                </div>
              </div>
              <div
                class="mobile:grid-col-3"
                data-testid="grid"
              >
                <div
                  class="usa-checkbox padding-left-2"
                  data-testid="checkbox"
                >
                  <input
                    class="usa-checkbox__input"
                    data-testid="notification-setting-in-app-addedAsCollaborator"
                    disabled=""
                    id="notification-setting-in-app-addedAsCollaborator"
                    name="addedAsCollaborator"
                    type="checkbox"
                    value="IN_APP"
                  />
                  <label
                    class="usa-checkbox__label"
                    for="notification-setting-in-app-addedAsCollaborator"
                  />
                </div>
              </div>
            </div>
            <div
              class="grid-row"
              data-testid="grid"
            >
              <div
                class="mobile:grid-col-6"
                data-testid="grid"
              >
                <p
                  class="text-wrap"
                >
                  When I’m tagged in a discussion
                </p>
              </div>
              <div
                class="mobile:grid-col-3"
                data-testid="grid"
              >
                <div
                  class="usa-checkbox padding-left-2"
                  data-testid="checkbox"
                >
                  <input
                    class="usa-checkbox__input"
                    data-testid="notification-setting-email-taggedInDiscussion"
                    id="notification-setting-email-taggedInDiscussion"
                    name="taggedInDiscussion"
                    type="checkbox"
                    value="EMAIL"
                  />
                  <label
                    class="usa-checkbox__label"
                    for="notification-setting-email-taggedInDiscussion"
                  />
                </div>
              </div>
              <div
                class="mobile:grid-col-3"
                data-testid="grid"
              >
                <div
                  class="usa-checkbox padding-left-2"
                  data-testid="checkbox"
                >
                  <input
                    class="usa-checkbox__input"
                    data-testid="notification-setting-in-app-taggedInDiscussion"
                    disabled=""
                    id="notification-setting-in-app-taggedInDiscussion"
                    name="taggedInDiscussion"
                    type="checkbox"
                    value="IN_APP"
                  />
                  <label
                    class="usa-checkbox__label"
                    for="notification-setting-in-app-taggedInDiscussion"
                  />
                </div>
              </div>
            </div>
            <div
              class="grid-row"
              data-testid="grid"
            >
              <div
                class="mobile:grid-col-6"
                data-testid="grid"
              >
                <p
                  class="text-wrap"
                >
                  When someone replies to a discussion I started
                </p>
              </div>
              <div
                class="mobile:grid-col-3"
                data-testid="grid"
              >
                <div
                  class="usa-checkbox padding-left-2"
                  data-testid="checkbox"
                >
                  <input
                    class="usa-checkbox__input"
                    data-testid="notification-setting-email-newDiscussionReply"
                    id="notification-setting-email-newDiscussionReply"
                    name="newDiscussionReply"
                    type="checkbox"
                    value="EMAIL"
                  />
                  <label
                    class="usa-checkbox__label"
                    for="notification-setting-email-newDiscussionReply"
                  />
                </div>
              </div>
              <div
                class="mobile:grid-col-3"
                data-testid="grid"
              >
                <div
                  class="usa-checkbox padding-left-2"
                  data-testid="checkbox"
                >
                  <input
                    class="usa-checkbox__input"
                    data-testid="notification-setting-in-app-newDiscussionReply"
                    disabled=""
                    id="notification-setting-in-app-newDiscussionReply"
                    name="newDiscussionReply"
                    type="checkbox"
                    value="IN_APP"
                  />
                  <label
                    class="usa-checkbox__label"
                    for="notification-setting-in-app-newDiscussionReply"
                  />
                </div>
              </div>
            </div>
            <div
              class="grid-row"
              data-testid="grid"
            >
              <div
                class="mobile:grid-col-6"
                data-testid="grid"
              >
                <p
                  class="text-wrap"
                >
                  When someone shares a Model Plan with me
                </p>
              </div>
              <div
                class="mobile:grid-col-3"
                data-testid="grid"
              >
                <div
                  class="usa-checkbox padding-left-2"
                  data-testid="checkbox"
                >
                  <input
                    class="usa-checkbox__input"
                    data-testid="notification-setting-email-modelPlanShared"
                    id="notification-setting-email-modelPlanShared"
                    name="modelPlanShared"
                    type="checkbox"
                    value="EMAIL"
                  />
                  <label
                    class="usa-checkbox__label"
                    for="notification-setting-email-modelPlanShared"
                  />
                </div>
              </div>
              <div
                class="mobile:grid-col-3"
                data-testid="grid"
              >
                <div
                  class="usa-checkbox padding-left-2"
                  data-testid="checkbox"
                >
                  <input
                    class="usa-checkbox__input"
                    data-testid="notification-setting-in-app-modelPlanShared"
                    disabled=""
                    id="notification-setting-in-app-modelPlanShared"
                    name="modelPlanShared"
                    type="checkbox"
                    value="IN_APP"
                  />
                  <label
                    class="usa-checkbox__label"
                    for="notification-setting-in-app-modelPlanShared"
                  />
                </div>
              </div>
            </div>
            <div
              class="margin-top-6 margin-bottom-3"
            >
              <button
                class="usa-button"
                data-testid="button"
                type="submit"
              >
                Save
              </button>
            </div>
            <button
              class="usa-button usa-button usa-button--unstyled"
              data-testid="button"
              type="button"
            >
              <svg
                aria-hidden="true"
                class="usa-icon margin-right-1"
                focusable="false"
                height="1em"
                role="img"
                viewBox="0 0 24 24"
                width="1em"
                xmlns="http://www.w3.org/2000/svg"
              >
                <path
                  d="M20 11H7.83l5.59-5.59L12 4l-8 8 8 8 1.41-1.41L7.83 13H20v-2z"
                />
              </svg>
              Don’t update and return to previous page
            </button>
          </fieldset>
        </form>
      </div>
    </div>
  </main>
</DocumentFragment>
`;
