// Vitest Snapshot v1, https://vitest.dev/guide/snapshot.html

exports[`Team member point of contact form > should matches snapshot 1`] = `
<DocumentFragment>
  <form
    class="usa-form maxw-none padding-bottom-10"
    data-testid="team-member-form"
    id="team-member-form"
  >
    <fieldset
      class="usa-fieldset"
      data-testid="fieldset"
      style="min-width: 100%;"
    >
      <div
        class="usa-form-group margin-top-0 margin-bottom-2"
        data-testid="formGroup"
      >
        <label
          class="usa-label mint-body-normal maxw-none margin-bottom-1"
          data-testid="label"
          for="team-member-name"
        >
          Name 
          <abbr
            class="usa-hint usa-hint--required"
            title="required"
          >
            *
          </abbr>
        </label>
        <span
          class="text-base-dark"
        >
          This field searches CMS’ EUA database.
        </span>
        <div
          class="margin-top-1 cedar-contact-select maxw-none usa-combo-box cedar-contact-select__loading css-b62m3t-container"
          id="team-member-name"
        >
          <span
            class="css-1f43avz-a11yText-A11yText"
            id="react-select-team-member-name-live-region"
          />
          <span
            aria-atomic="false"
            aria-live="polite"
            aria-relevant="additions text"
            class="css-1f43avz-a11yText-A11yText"
            role="log"
          />
          <div
            class="cedar-contact-select__control cedar-contact-select__control--menu-is-open css-79rxjr-control"
          >
            <div
              class="cedar-contact-select__value-container cedar-contact-select__value-container--has-value css-1fdsijx-ValueContainer"
            >
              <div
                class="cedar-contact-select__input-container css-166bipr-Input"
                data-value="Blue Bonnet (memberemail@email.com)"
              >
                <input
                  aria-activedescendant=""
                  aria-autocomplete="list"
                  aria-controls="react-select-team-member-name-listbox"
                  aria-expanded="true"
                  aria-haspopup="true"
                  aria-labelledby="label-team-member-name"
                  autocapitalize="none"
                  autocomplete="off"
                  autocorrect="off"
                  class="cedar-contact-select__input"
                  id="react-select-team-member-name-input"
                  role="combobox"
                  spellcheck="false"
                  style="opacity: 1; width: 100%; grid-area: 1 / 2; min-width: 2px; border: 0px; margin: 0px; outline: 0; padding: 0px;"
                  tabindex="0"
                  type="text"
                  value="Blue Bonnet (memberemail@email.com)"
                />
              </div>
            </div>
            <div
              class="cedar-contact-select__indicators css-1hb7zxy-IndicatorsContainer"
            >
              <span
                aria-valuetext="Loading"
                class="mint-spinner mint-spinner--small margin-right-1"
                data-testid="spinner"
                role="progressbar"
              />
              <button
                aria-label="Clear selection"
                class="usa-button--unstyled"
                id="clear-selection"
                tabindex="0"
                type="button"
              >
                <div
                  aria-hidden="true"
                  class="cedar-contact-select__indicator cedar-contact-select__clear-indicator css-1h8bgg-indicatorContainer"
                >
                  <svg
                    aria-hidden="true"
                    class="css-tj5bde-Svg"
                    focusable="false"
                    height="20"
                    viewBox="0 0 20 20"
                    width="20"
                  >
                    <path
                      d="M14.348 14.849c-0.469 0.469-1.229 0.469-1.697 0l-2.651-3.030-2.651 3.029c-0.469 0.469-1.229 0.469-1.697 0-0.469-0.469-0.469-1.229 0-1.697l2.758-3.15-2.759-3.152c-0.469-0.469-0.469-1.228 0-1.697s1.228-0.469 1.697 0l2.652 3.031 2.651-3.031c0.469-0.469 1.228-0.469 1.697 0s0.469 1.229 0 1.697l-2.758 3.152 2.758 3.15c0.469 0.469 0.469 1.229 0 1.698z"
                    />
                  </svg>
                </div>
              </button>
              <span
                class="cedar-contact-select__indicator-separator css-1u9des2-indicatorSeparator"
              />
              <div
                aria-hidden="true"
                class="cedar-contact-select__indicator cedar-contact-select__dropdown-indicator css-1h8bgg-indicatorContainer"
              >
                <svg
                  aria-hidden="true"
                  class="css-tj5bde-Svg"
                  focusable="false"
                  height="20"
                  viewBox="0 0 20 20"
                  width="20"
                >
                  <path
                    d="M4.516 7.548c0.436-0.446 1.043-0.481 1.576 0l3.908 3.747 3.908-3.747c0.533-0.481 1.141-0.446 1.574 0 0.436 0.445 0.408 1.197 0 1.615-0.406 0.418-4.695 4.502-4.695 4.502-0.217 0.223-0.502 0.335-0.787 0.335s-0.57-0.112-0.789-0.335c0 0-4.287-4.084-4.695-4.502s-0.436-1.17 0-1.615z"
                  />
                </svg>
              </div>
            </div>
          </div>
          <div
            class="cedar-contact-select__menu css-1v1oxpf-menu"
          >
            <div
              aria-multiselectable="false"
              class="cedar-contact-select__menu-list css-bgzggo-MenuList"
              id="react-select-team-member-name-listbox"
              role="listbox"
            >
              <div
                class="cedar-contact-select__menu-notice cedar-contact-select__menu-notice--no-options css-14zharz-NoOptionsMessage"
              >
                <button
                  aria-label="No results found"
                  class="usa-button--unstyled text-no-underline text-black"
                  id="no-results"
                  tabindex="0"
                  type="button"
                >
                  No results found
                </button>
              </div>
            </div>
          </div>
          <input
            name="team-member-name"
            type="hidden"
            value="[object Object]"
          />
        </div>
      </div>
      <div
        class="usa-form-group margin-top-0"
        data-testid="formGroup"
      >
        <label
          class="usa-label mint-body-normal maxw-none margin-bottom-1"
          data-testid="label"
          for="team-member-role"
        >
          Role 
          <abbr
            class="usa-hint usa-hint--required"
            title="required"
          >
            *
          </abbr>
        </label>
        <input
          class="usa-input"
          data-testid="team-member-role"
          id="team-member-role"
          name="role"
          type="text"
          value="Project Lead"
        />
      </div>
      <div
        class="usa-form-group margin-top-0 margin-bottom-2"
        data-testid="formGroup"
      >
        <div
          class="mint-checkbox usa-checkbox"
        >
          <input
            class="usa-checkbox__input"
            data-testid="isPrimary"
            id="isPrimary"
            name="isPrimary"
            type="checkbox"
            value="true"
          />
          <label
            class="usa-checkbox__label"
            for="isPrimary"
          >
            Primary point of contact
          </label>
          <span
            class="usa-tooltip"
            data-testid="tooltipWrapper"
          >
            <button
              aria-describedby="tooltip-«r2»"
              class="usa-button usa-tooltip__trigger bg-white padding-0 text-base-dark"
              data-testid="triggerElement"
              style="gap: 0.25rem;"
              tabindex="0"
              title=""
              type="button"
            >
              <svg
                class="usa-icon minw-4 text-base-light margin-left-neg-05 margin-bottom-neg-2px"
                focusable="false"
                height="1em"
                role="img"
                viewBox="0 0 24 24"
                width="1em"
                xmlns="http://www.w3.org/2000/svg"
              >
                <path
                  d="M12 2C6.48 2 2 6.48 2 12s4.48 10 10 10 10-4.48 10-10S17.52 2 12 2zm1 15h-2v-6h2v6zm0-8h-2V7h2v2z"
                />
              </svg>
            </button>
            <span
              aria-hidden="true"
              class="usa-tooltip__body"
              data-testid="tooltipBody"
              id="tooltip-«r2»"
              role="tooltip"
              title="The primary point of contact is the main person or mailbox that should be contacted with questions about this IT system or solution. They will receive update emails from MINT when a model chooses to use their system or solution."
            >
              The primary point of contact is the main person or mailbox that should be contacted with questions about this IT system or solution. They will receive update emails from MINT when a model chooses to use their system or solution.
            </span>
          </span>
          <p
            class="margin-y-1 margin-left-4 line-height-body-3 font-body-2xs text-pre-line"
          >
            If you check this box, it will replace any existing primary point of contact, but will not remove the existing contact from the overall list.
          </p>
        </div>
      </div>
      <div
        class="usa-form-group margin-top-0 margin-bottom-2"
        data-testid="formGroup"
      >
        <div
          class="mint-checkbox usa-checkbox"
        >
          <input
            class="usa-checkbox__input"
            data-testid="receiveEmails"
            id="receiveEmails"
            name="receiveEmails"
            type="checkbox"
            value="true"
          />
          <label
            class="usa-checkbox__label"
            for="receiveEmails"
          >
            Receive emails?
          </label>
          <p
            class="margin-y-1 margin-left-4 line-height-body-3 font-body-2xs text-pre-line"
          >
            If you check this box, this user or mailbox will receive update notifications from MINT when models select this operational solution. Primary points of contact will always receive notifications.
          </p>
        </div>
      </div>
    </fieldset>
    <div
      class="usa-alert usa-alert--info usa-alert--slim flex margin-top-0 margin-bottom-2"
      data-testid="alert"
      hidden=""
    >
      <div
        class="usa-alert__body"
      >
        <p
          class="usa-alert__text"
        >
          <span>
            This point of contact will receive notifications when this solution is selected. Please make sure this individual should receive these notifications before you proceed.
          </span>
        </p>
      </div>
    </div>
  </form>
</DocumentFragment>
`;
