// Jest Snapshot v1, https://goo.gl/fbAQLP

exports[`Model Plan Ops Eval and Learning - Learning matches snapshot 1`] = `
<DocumentFragment>
  <nav
    aria-label="Breadcrumbs"
    class="usa-breadcrumb usa-breadcrumb--wrap"
  >
    <ol
      class="usa-breadcrumb__list"
    >
      <li
        class="usa-breadcrumb__list-item"
      >
        <a
          class="usa-breadcrumb__link"
          href="/"
        >
          <span>
            Home
          </span>
        </a>
      </li>
      <li
        class="usa-breadcrumb__list-item"
      >
        <a
          class="usa-breadcrumb__link"
          href="/models/ce3405a0-3399-4e3a-88d7-3cfc613d2905/task-list/"
        >
          <span>
            Model Plan task list
          </span>
        </a>
      </li>
      <li
        aria-current="page"
        class="usa-breadcrumb__list-item usa-current"
      >
        Operations, evaluation, and learning
      </li>
    </ol>
  </nav>
  <h1
    aria-live="polite"
    class="mint-h1 margin-top-4 margin-bottom-2"
    tabindex="-1"
  >
    Operations, evaluation, and learning
  </h1>
  <p
    class="margin-top-0 margin-bottom-1 font-body-lg"
    data-testid="model-plan-name"
  >
    for My excellent plan that I just initiated
  </p>
  <p
    class="margin-bottom-2 font-body-md line-height-sans-4"
  >
    If there's a question or field that is not applicable to your model or you don't currently know the answer, you may leave it blank. If you need help, ask a question using the link below.
  </p>
  <div
    class="padding-2 bg-primary-lighter"
  >
    <div
      class="display-flex"
      data-testid="ask-a-question"
    >
      <svg
        class="usa-icon text-primary margin-right-1"
        focusable="false"
        height="1em"
        role="img"
        viewBox="0 0 24 24"
        width="1em"
        xmlns="http://www.w3.org/2000/svg"
      >
        <path
          d="M0 0h24v24H0z"
          fill="none"
        />
        <path
          d="M20 2H4c-1.1 0-1.99.9-1.99 2L2 22l4-4h14c1.1 0 2-.9 2-2V4c0-1.1-.9-2-2-2zm-7 9h-2V5h2v6zm0 4h-2v-2h2v2z"
        />
      </svg>
      <button
        class="usa-button usa-button--unstyled"
        data-testid="ask-a-question-button"
        type="button"
      >
        Ask a question
      </button>
    </div>
  </div>
  <form
    action="#"
    class="desktop:grid-col-6 margin-top-6"
    data-testid="ops-eval-and-learning-learning-form"
  >
    <div
      class="usa-form-group"
      data-scroll="modelLearningSystems"
    >
      <legend
        class="usa-label"
      >
        Will the model have a learning strategy?
      </legend>
      <div
        class="usa-alert usa-alert--warning flex it-solutions-warning"
        data-testid="alert"
      >
        <div
          class="usa-alert__body"
        >
          <p
            class="usa-alert__text"
          >
            <span>
              Changing your answer to this question may also affect your selections in the IT solutions and implementation status tracker.  
              <button
                class="usa-button usa-button usa-button--unstyled"
                data-testid="button"
                id="ops-eval-and-learning-learning-systems-warning"
                type="button"
              >
                Go to IT solutions tracker.
              </button>
            </span>
          </p>
        </div>
      </div>
      <div
        class="mint-checkbox usa-checkbox"
      >
        <input
          class="usa-checkbox__input"
          id="ops-eval-and-learning-learning-systems-EDUCATE_BENEFICIARIES"
          name="modelLearningSystems"
          type="checkbox"
          value="EDUCATE_BENEFICIARIES"
        />
        <label
          class="usa-checkbox__label"
          for="ops-eval-and-learning-learning-systems-EDUCATE_BENEFICIARIES"
        >
          We plan to educate beneficiaries
        </label>
        <p
          class="margin-y-1 margin-left-4 line-height-body-3 font-body-2xs"
        />
      </div>
      <div
        class="mint-checkbox usa-checkbox"
      >
        <input
          class="usa-checkbox__input"
          id="ops-eval-and-learning-learning-systems-IT_PLATFORM_CONNECT"
          name="modelLearningSystems"
          type="checkbox"
          value="IT_PLATFORM_CONNECT"
        />
        <label
          class="usa-checkbox__label"
          for="ops-eval-and-learning-learning-systems-IT_PLATFORM_CONNECT"
        >
          We plan to use an IT platform (Connect)
        </label>
        <p
          class="margin-y-1 margin-left-4 line-height-body-3 font-body-2xs"
        />
      </div>
      <div
        class="mint-checkbox usa-checkbox"
      >
        <input
          class="usa-checkbox__input"
          id="ops-eval-and-learning-learning-systems-LEARNING_CONTRACTOR"
          name="modelLearningSystems"
          type="checkbox"
          value="LEARNING_CONTRACTOR"
        />
        <label
          class="usa-checkbox__label"
          for="ops-eval-and-learning-learning-systems-LEARNING_CONTRACTOR"
        >
          We plan to have a learning contractor (cross-model or individual)
        </label>
        <p
          class="margin-y-1 margin-left-4 line-height-body-3 font-body-2xs"
        />
      </div>
      <div
        class="mint-checkbox usa-checkbox"
      >
        <input
          class="usa-checkbox__input"
          id="ops-eval-and-learning-learning-systems-PARTICIPANT_COLLABORATION"
          name="modelLearningSystems"
          type="checkbox"
          value="PARTICIPANT_COLLABORATION"
        />
        <label
          class="usa-checkbox__label"
          for="ops-eval-and-learning-learning-systems-PARTICIPANT_COLLABORATION"
        >
          We plan to enable participant-to-participant collaboration
        </label>
        <p
          class="margin-y-1 margin-left-4 line-height-body-3 font-body-2xs"
        />
      </div>
      <div
        class="mint-checkbox usa-checkbox"
      >
        <input
          class="usa-checkbox__input"
          id="ops-eval-and-learning-learning-systems-OTHER"
          name="modelLearningSystems"
          type="checkbox"
          value="OTHER"
        />
        <label
          class="usa-checkbox__label"
          for="ops-eval-and-learning-learning-systems-OTHER"
        >
          Other
        </label>
        <p
          class="margin-y-1 margin-left-4 line-height-body-3 font-body-2xs"
        />
      </div>
      <div
        class="mint-checkbox usa-checkbox"
      >
        <input
          class="usa-checkbox__input"
          id="ops-eval-and-learning-learning-systems-NO_LEARNING_SYSTEM"
          name="modelLearningSystems"
          type="checkbox"
          value="NO_LEARNING_SYSTEM"
        />
        <label
          class="usa-checkbox__label"
          for="ops-eval-and-learning-learning-systems-NO_LEARNING_SYSTEM"
        >
          No, we will not have a learning strategy
        </label>
        <p
          class="margin-y-1 margin-left-4 line-height-body-3 font-body-2xs"
        />
      </div>
      <div
        class="margin-top-4 margin-bottom-8"
      >
        <button
          class="usa-button usa-button usa-button--unstyled"
          data-testid="add-note-toggle"
          type="button"
        >
          <svg
            aria-hidden="true"
            class="usa-icon margin-right-1"
            focusable="false"
            height="1em"
            role="img"
            viewBox="0 0 24 24"
            width="1em"
            xmlns="http://www.w3.org/2000/svg"
          >
            <path
              d="M0 0h24v24H0z"
              fill="none"
            />
            <path
              d="M19 13h-6v6h-2v-6H5v-2h6V5h2v6h6v2z"
            />
          </svg>
          Add an additional note
        </button>
      </div>
    </div>
    <div
      class="usa-form-group"
      data-scroll="anticipatedChallenges"
    >
      <label
        class="usa-label"
        data-testid="label"
        for="ops-eval-and-learning-learning-anticipated-challenges"
      >
        What challenges do you anticipate during Model design and implementation?
      </label>
      <p
        class="text-base margin-y-1 margin-top-2 line-height-body-4"
      >
        Please list and known ’unknowns,’ that is, are there policy decisions that you are aware of that are still pending or are subject to change? If so, please list to the best of your ability.
      </p>
      <textarea
        aria-labelledby="label-ops-eval-and-learning-learning-anticipated-challenges hint-ops-eval-and-learning-learning-anticipated-challenges"
        class="height-card usa-textarea"
        data-testid="ops-eval-and-learning-learning-anticipated-challenges"
        id="ops-eval-and-learning-learning-anticipated-challenges"
        name="anticipatedChallenges"
      >
        Hard challenges
      </textarea>
    </div>
    <div
      class="usa-form-group margin-top-8 margin-bottom-3"
    >
      <div
        class="usa-summary-box bg-white border-base-light padding-2"
        data-testid="summary-box"
      >
        <div
          class="usa-summary-box__body"
        >
          <h3
            class="usa-summary-box__heading"
          />
          <div
            class="usa-summary-box__text"
          >
            <p
              class="margin-0"
            >
              Model Plan status
            </p>
            <div
              class="mint-checkbox usa-checkbox"
            >
              <input
                class="usa-checkbox__input"
                data-testid="ops-eval-and-learning-learning-status"
                id="ops-eval-and-learning-learning-status"
                name="status"
                type="checkbox"
                value="IN_PROGRESS"
              />
              <label
                class="usa-checkbox__label"
                for="ops-eval-and-learning-learning-status"
              >
                This section of the Model Plan (Operations, evaluation, and learning) is ready for review.
              </label>
              <p
                class="margin-y-1 margin-left-4 line-height-body-3 font-body-2xs"
              />
            </div>
          </div>
        </div>
      </div>
    </div>
    <div
      class="margin-top-6 margin-bottom-3"
    >
      <button
        class="usa-button usa-button usa-button--outline margin-bottom-1"
        data-testid="button"
        type="button"
      >
        Back
      </button>
      <button
        class="usa-button"
        data-testid="button"
        type="submit"
      >
        Save and start next Model Plan section
      </button>
    </div>
    <button
      class="usa-button usa-button usa-button--unstyled"
      data-testid="button"
      type="button"
    >
      <svg
        aria-hidden="true"
        class="usa-icon margin-right-1"
        focusable="false"
        height="1em"
        role="img"
        viewBox="0 0 24 24"
        width="1em"
        xmlns="http://www.w3.org/2000/svg"
      >
        <path
          d="M0 0h24v24H0z"
          fill="none"
        />
        <path
          d="M20 11H7.83l5.59-5.59L12 4l-8 8 8 8 1.41-1.41L7.83 13H20v-2z"
        />
      </svg>
      Save and return to task list
    </button>
  </form>
  <div
    class="mint-page-number margin-y-6"
  >
    <span
      class="mint-page-number__page-num"
    >
      Page 9 of 9
    </span>
  </div>
</DocumentFragment>
`;
