// Vitest Snapshot v1, https://vitest.dev/guide/snapshot.html

exports[`Locked Task List Section Page > matches snapshot 1`] = `
<DocumentFragment>
  <main
    class="mint-main-content mint-not-found grid-container"
    id="main-content"
    role="main"
    tabindex="-1"
  >
    <nav
      aria-label="Breadcrumbs"
      class="usa-breadcrumb usa-breadcrumb--wrap"
    >
      <ol
        class="usa-breadcrumb__list"
      >
        <li
          class="usa-breadcrumb__list-item"
        >
          <a
            class="usa-link usa-breadcrumb__link"
            href="/"
          >
            <span>
              Home
            </span>
          </a>
        </li>
        <li
          class="usa-breadcrumb__list-item"
        >
          <a
            class="usa-link usa-breadcrumb__link"
            href="/models/53e06174-83b9-462a-86d0-3a936f3c2670/collaboration-area"
          >
            <span>
              Model collaboration area
            </span>
          </a>
        </li>
        <li
          aria-current="page"
          class="usa-breadcrumb__list-item usa-current"
        >
          <span>
            Model basics
          </span>
        </li>
      </ol>
    </nav>
    <div
      class="margin-y-7"
    >
      <h1
        aria-live="polite"
        class="mint-h1 margin-bottom-2"
        data-testid="page-locked"
        tabindex="-1"
      >
        Someone is currently editing the section youâ€™re trying to access.
      </h1>
      <p>
        Please try again later.
      </p>
      <a
        class="usa-button margin-top-6"
        href="/models/53e06174-83b9-462a-86d0-3a936f3c2670/collaboration-area/task-list"
      >
        Return to the task list
      </a>
    </div>
  </main>
</DocumentFragment>
`;
