// Vitest Snapshot v1, https://vitest.dev/guide/snapshot.html

exports[`Notification Page > matches snapshot 1`] = `
<DocumentFragment>
  <main
    class="mint-main-content"
    data-testid="notification-index"
    id="main-content"
    role="main"
    tabindex="-1"
  >
    <div
      class="grid-container"
      data-testid="gridContainer"
    >
      <div
        class="mobile:grid-col-12 tablet:grid-col-12 desktop:grid-col-12"
        data-testid="grid"
      >
        <nav
          aria-label="Breadcrumbs"
          class="usa-breadcrumb usa-breadcrumb--wrap margin-bottom-4"
        >
          <ol
            class="usa-breadcrumb__list"
          >
            <li
              class="usa-breadcrumb__list-item"
            >
              <a
                class="usa-link usa-breadcrumb__link"
                href="/"
              >
                <span>
                  Home
                </span>
              </a>
            </li>
            <li
              aria-current="page"
              class="usa-breadcrumb__list-item usa-current"
            >
              <span>
                Notifications
              </span>
            </li>
          </ol>
        </nav>
        <div
          class="grid-row desktop:grid-col-12 flex-justify flex-align-center"
          data-testid="grid"
        >
          <div
            class=""
            data-testid="grid"
          >
            <h1
              aria-live="polite"
              class="mint-h1 margin-top-0 margin-right-2 margin-bottom-2"
              tabindex="-1"
            >
              Notifications
            </h1>
          </div>
          <div
            class="margin-bottom-2"
            data-testid="grid"
          >
            <button
              class="usa-button usa-button--unstyled width-auto margin-right-2"
              data-testid="button"
              type="button"
            >
              Mark all as read
            </button>
            <a
              class="usa-link margin-y-0 margin-x-2"
              href="/notifications/settings"
            >
              Notification settings
            </a>
          </div>
        </div>
        <div
          class="margin-bottom-4"
        >
          <div
            class="grid-row"
            data-testid="individual-notification"
          >
            <div
              class="desktop:grid-col-12 position-relative"
              data-testid="grid"
            >
              <div
                class="circle-1 bg-error position-absolute margin-top-3 margin-left-1"
                data-testid="notification-red-dot"
              />
              <div
                class="grid-gap-6 padding-3 display-flex flex-justify "
                data-testid="grid"
              >
                <div
                  class="grid-col-fill"
                  data-testid="grid"
                >
                  <div
                    class="display-flex"
                  >
                    <div
                      class="display-flex flex-align-center flex-justify-center minw-4 circle-4 bg-accent-cool-lighter"
                    >
                      MD
                    </div>
                    <div
                      class="margin-top-05 padding-left-1"
                    >
                      <p
                        class="line-height-sans-4 margin-bottom-1 margin-top-0 "
                      >
                        <strong>
                          MINT Doe
                        </strong>
                         tagged you in a discussion for Excellent Model.
                      </p>
                      <div
                        class="notification__content text-base-darker tiptap__readonly"
                        id="mention-279ba41b-232a-49b2-9607-a3951d301218"
                      >
                        <div
                          class="tiptap ProseMirror"
                          contenteditable="false"
                          id="mention-279ba41b-232a-49b2-9607-a3951d301218"
                          translate="no"
                        >
                          <p>
                            “First Notification”
                          </p>
                        </div>
                      </div>
                      <button
                        class="usa-button usa-button--unstyled display-flex flex-align-center"
                        data-testid="button"
                        type="button"
                      >
                        View discussion
                        <svg
                          aria-hidden="true"
                          class="usa-icon margin-left-1"
                          focusable="false"
                          height="1em"
                          role="img"
                          viewBox="0 0 24 24"
                          width="1em"
                          xmlns="http://www.w3.org/2000/svg"
                        >
                          <path
                            d="m12 4-1.41 1.41L16.17 11H4v2h12.17l-5.58 5.59L12 20l8-8z"
                          />
                        </svg>
                      </button>
                    </div>
                  </div>
                </div>
                <div
                  class="grid-col-auto"
                  data-testid="grid"
                >
                  <p
                    class="text-base-darker text-right margin-top-05 margin-bottom-0"
                  >
                    2 years ago
                  </p>
                </div>
              </div>
            </div>
          </div>
          <div
            class="grid-row"
            data-testid="individual-notification"
          >
            <div
              class="desktop:grid-col-12 position-relative"
              data-testid="grid"
            >
              <div
                class="circle-1 bg-error position-absolute margin-top-3 margin-left-1"
                data-testid="notification-red-dot"
              />
              <div
                class="grid-gap-6 padding-3 display-flex flex-justify "
                data-testid="grid"
              >
                <div
                  class="grid-col-fill"
                  data-testid="grid"
                >
                  <div
                    class="display-flex"
                  >
                    <div
                      class="display-flex flex-align-center flex-justify-center minw-4 circle-4 bg-secondary-lighter"
                    >
                      MD
                    </div>
                    <div
                      class="margin-top-05 padding-left-1"
                    >
                      <p
                        class="line-height-sans-4 margin-bottom-1 margin-top-0 "
                      >
                        <strong>
                          MINT Doe
                        </strong>
                         tagged you in a discussion for Great Model.
                      </p>
                      <div
                        class="notification__content text-base-darker tiptap__readonly"
                        id="mention-ccf6830b-5c20-4394-84d6-78e0c9f31ec5"
                      >
                        <div
                          class="tiptap ProseMirror"
                          contenteditable="false"
                          id="mention-ccf6830b-5c20-4394-84d6-78e0c9f31ec5"
                          translate="no"
                        >
                          <p>
                            “Second Notification”
                          </p>
                        </div>
                      </div>
                      <button
                        class="usa-button usa-button--unstyled display-flex flex-align-center"
                        data-testid="button"
                        type="button"
                      >
                        View discussion
                        <svg
                          aria-hidden="true"
                          class="usa-icon margin-left-1"
                          focusable="false"
                          height="1em"
                          role="img"
                          viewBox="0 0 24 24"
                          width="1em"
                          xmlns="http://www.w3.org/2000/svg"
                        >
                          <path
                            d="m12 4-1.41 1.41L16.17 11H4v2h12.17l-5.58 5.59L12 20l8-8z"
                          />
                        </svg>
                      </button>
                    </div>
                  </div>
                </div>
                <div
                  class="grid-col-auto"
                  data-testid="grid"
                >
                  <p
                    class="text-base-darker text-right margin-top-05 margin-bottom-0"
                  >
                    2 years ago
                  </p>
                </div>
              </div>
            </div>
          </div>
        </div>
      </div>
    </div>
  </main>
</DocumentFragment>
`;
